Archive member included to satisfy reference by file (symbol)

C:/ST/STM32CubeIDE_1.15.1/STM32CubeIDE/plugins/com.st.stm32cube.ide.mcu.externaltools.gnu-tools-for-stm32.12.3.rel1.win32_1.0.100.202403111256/tools/bin/../lib/gcc/arm-none-eabi/12.3.1/../../../../arm-none-eabi/lib/thumb/v7-m/nofp\libc_nano.a(libc_a-exit.o)
                              C:/ST/STM32CubeIDE_1.15.1/STM32CubeIDE/plugins/com.st.stm32cube.ide.mcu.externaltools.gnu-tools-for-stm32.12.3.rel1.win32_1.0.100.202403111256/tools/bin/../lib/gcc/arm-none-eabi/12.3.1/../../../../arm-none-eabi/lib/thumb/v7-m/nofp/crt0.o (exit)
C:/ST/STM32CubeIDE_1.15.1/STM32CubeIDE/plugins/com.st.stm32cube.ide.mcu.externaltools.gnu-tools-for-stm32.12.3.rel1.win32_1.0.100.202403111256/tools/bin/../lib/gcc/arm-none-eabi/12.3.1/../../../../arm-none-eabi/lib/thumb/v7-m/nofp\libc_nano.a(libc_a-findfp.o)
                              C:/ST/STM32CubeIDE_1.15.1/STM32CubeIDE/plugins/com.st.stm32cube.ide.mcu.externaltools.gnu-tools-for-stm32.12.3.rel1.win32_1.0.100.202403111256/tools/bin/../lib/gcc/arm-none-eabi/12.3.1/../../../../arm-none-eabi/lib/thumb/v7-m/nofp\libc_nano.a(libc_a-exit.o) (__stdio_exit_handler)
C:/ST/STM32CubeIDE_1.15.1/STM32CubeIDE/plugins/com.st.stm32cube.ide.mcu.externaltools.gnu-tools-for-stm32.12.3.rel1.win32_1.0.100.202403111256/tools/bin/../lib/gcc/arm-none-eabi/12.3.1/../../../../arm-none-eabi/lib/thumb/v7-m/nofp\libc_nano.a(libc_a-fwalk.o)
                              C:/ST/STM32CubeIDE_1.15.1/STM32CubeIDE/plugins/com.st.stm32cube.ide.mcu.externaltools.gnu-tools-for-stm32.12.3.rel1.win32_1.0.100.202403111256/tools/bin/../lib/gcc/arm-none-eabi/12.3.1/../../../../arm-none-eabi/lib/thumb/v7-m/nofp\libc_nano.a(libc_a-findfp.o) (_fwalk_sglue)
C:/ST/STM32CubeIDE_1.15.1/STM32CubeIDE/plugins/com.st.stm32cube.ide.mcu.externaltools.gnu-tools-for-stm32.12.3.rel1.win32_1.0.100.202403111256/tools/bin/../lib/gcc/arm-none-eabi/12.3.1/../../../../arm-none-eabi/lib/thumb/v7-m/nofp\libc_nano.a(libc_a-stdio.o)
                              C:/ST/STM32CubeIDE_1.15.1/STM32CubeIDE/plugins/com.st.stm32cube.ide.mcu.externaltools.gnu-tools-for-stm32.12.3.rel1.win32_1.0.100.202403111256/tools/bin/../lib/gcc/arm-none-eabi/12.3.1/../../../../arm-none-eabi/lib/thumb/v7-m/nofp\libc_nano.a(libc_a-findfp.o) (__sread)
C:/ST/STM32CubeIDE_1.15.1/STM32CubeIDE/plugins/com.st.stm32cube.ide.mcu.externaltools.gnu-tools-for-stm32.12.3.rel1.win32_1.0.100.202403111256/tools/bin/../lib/gcc/arm-none-eabi/12.3.1/../../../../arm-none-eabi/lib/thumb/v7-m/nofp\libc_nano.a(libc_a-memset.o)
                              C:/ST/STM32CubeIDE_1.15.1/STM32CubeIDE/plugins/com.st.stm32cube.ide.mcu.externaltools.gnu-tools-for-stm32.12.3.rel1.win32_1.0.100.202403111256/tools/bin/../lib/gcc/arm-none-eabi/12.3.1/../../../../arm-none-eabi/lib/thumb/v7-m/nofp/crt0.o (memset)
C:/ST/STM32CubeIDE_1.15.1/STM32CubeIDE/plugins/com.st.stm32cube.ide.mcu.externaltools.gnu-tools-for-stm32.12.3.rel1.win32_1.0.100.202403111256/tools/bin/../lib/gcc/arm-none-eabi/12.3.1/../../../../arm-none-eabi/lib/thumb/v7-m/nofp\libc_nano.a(libc_a-closer.o)
                              C:/ST/STM32CubeIDE_1.15.1/STM32CubeIDE/plugins/com.st.stm32cube.ide.mcu.externaltools.gnu-tools-for-stm32.12.3.rel1.win32_1.0.100.202403111256/tools/bin/../lib/gcc/arm-none-eabi/12.3.1/../../../../arm-none-eabi/lib/thumb/v7-m/nofp\libc_nano.a(libc_a-stdio.o) (_close_r)
C:/ST/STM32CubeIDE_1.15.1/STM32CubeIDE/plugins/com.st.stm32cube.ide.mcu.externaltools.gnu-tools-for-stm32.12.3.rel1.win32_1.0.100.202403111256/tools/bin/../lib/gcc/arm-none-eabi/12.3.1/../../../../arm-none-eabi/lib/thumb/v7-m/nofp\libc_nano.a(libc_a-reent.o)
                              C:/ST/STM32CubeIDE_1.15.1/STM32CubeIDE/plugins/com.st.stm32cube.ide.mcu.externaltools.gnu-tools-for-stm32.12.3.rel1.win32_1.0.100.202403111256/tools/bin/../lib/gcc/arm-none-eabi/12.3.1/../../../../arm-none-eabi/lib/thumb/v7-m/nofp\libc_nano.a(libc_a-closer.o) (errno)
C:/ST/STM32CubeIDE_1.15.1/STM32CubeIDE/plugins/com.st.stm32cube.ide.mcu.externaltools.gnu-tools-for-stm32.12.3.rel1.win32_1.0.100.202403111256/tools/bin/../lib/gcc/arm-none-eabi/12.3.1/../../../../arm-none-eabi/lib/thumb/v7-m/nofp\libc_nano.a(libc_a-impure.o)
                              C:/ST/STM32CubeIDE_1.15.1/STM32CubeIDE/plugins/com.st.stm32cube.ide.mcu.externaltools.gnu-tools-for-stm32.12.3.rel1.win32_1.0.100.202403111256/tools/bin/../lib/gcc/arm-none-eabi/12.3.1/../../../../arm-none-eabi/lib/thumb/v7-m/nofp\libc_nano.a(libc_a-reent.o) (_impure_ptr)
C:/ST/STM32CubeIDE_1.15.1/STM32CubeIDE/plugins/com.st.stm32cube.ide.mcu.externaltools.gnu-tools-for-stm32.12.3.rel1.win32_1.0.100.202403111256/tools/bin/../lib/gcc/arm-none-eabi/12.3.1/../../../../arm-none-eabi/lib/thumb/v7-m/nofp\libc_nano.a(libc_a-lseekr.o)
[...]
Memory Configuration

Name             Origin             Length             Attributes
RAM              0x20000000         0x00005000         xrw
FLASH            0x08000000         0x00010000         xr
*default*        0x00000000         0xffffffff

Linker script and memory map

LOAD C:/ST/STM32CubeIDE_1.15.1/STM32CubeIDE/plugins/com.st.stm32cube.ide.mcu.externaltools.gnu-tools-for-stm32.12.3.rel1.win32_1.0.100.202403111256/tools/bin/../lib/gcc/arm-none-eabi/12.3.1/thumb/v7-m/nofp/crti.o
LOAD C:/ST/STM32CubeIDE_1.15.1/STM32CubeIDE/plugins/com.st.stm32cube.ide.mcu.externaltools.gnu-tools-for-stm32.12.3.rel1.win32_1.0.100.202403111256/tools/bin/../lib/gcc/arm-none-eabi/12.3.1/thumb/v7-m/nofp/crtbegin.o
LOAD C:/ST/STM32CubeIDE_1.15.1/STM32CubeIDE/plugins/com.st.stm32cube.ide.mcu.externaltools.gnu-tools-for-stm32.12.3.rel1.win32_1.0.100.202403111256/tools/bin/../lib/gcc/arm-none-eabi/12.3.1/../../../../arm-none-eabi/lib/thumb/v7-m/nofp/crt0.o
LOAD ./Core/Src/fatfs_sd.o
LOAD ./Core/Src/main.o
LOAD ./Core/Src/stm32f1xx_hal_msp.o
LOAD ./Core/Src/stm32f1xx_it.o
LOAD ./Core/Src/syscalls.o
LOAD ./Core/Src/sysmem.o
LOAD ./Core/Src/system_stm32f1xx.o
LOAD ./Core/Startup/startup_stm32f103c8tx.o
LOAD ./Drivers/STM32F1xx_HAL_Driver/Src/stm32f1xx_hal.o
LOAD ./Drivers/STM32F1xx_HAL_Driver/Src/stm32f1xx_hal_cortex.o
LOAD ./Drivers/STM32F1xx_HAL_Driver/Src/stm32f1xx_hal_dma.o
LOAD ./Drivers/STM32F1xx_HAL_Driver/Src/stm32f1xx_hal_exti.o
LOAD ./Drivers/STM32F1xx_HAL_Driver/Src/stm32f1xx_hal_flash.o
LOAD ./Drivers/STM32F1xx_HAL_Driver/Src/stm32f1xx_hal_flash_ex.o
LOAD ./Drivers/STM32F1xx_HAL_Driver/Src/stm32f1xx_hal_gpio.o
LOAD ./Drivers/STM32F1xx_HAL_Driver/Src/stm32f1xx_hal_gpio_ex.o
LOAD ./Drivers/STM32F1xx_HAL_Driver/Src/stm32f1xx_hal_pwr.o
LOAD ./Drivers/STM32F1xx_HAL_Driver/Src/stm32f1xx_hal_rcc.o
LOAD ./Drivers/STM32F1xx_HAL_Driver/Src/stm32f1xx_hal_rcc_ex.o
LOAD ./Drivers/STM32F1xx_HAL_Driver/Src/stm32f1xx_hal_spi.o
LOAD ./Drivers/STM32F1xx_HAL_Driver/Src/stm32f1xx_hal_tim.o
LOAD ./Drivers/STM32F1xx_HAL_Driver/Src/stm32f1xx_hal_tim_ex.o
LOAD ./FATFS/App/fatfs.o
LOAD ./FATFS/Target/user_diskio.o
LOAD ./Middlewares/Third_Party/FatFs/src/diskio.o
LOAD ./Middlewares/Third_Party/FatFs/src/ff.o
LOAD ./Middlewares/Third_Party/FatFs/src/ff_gen_drv.o
LOAD ./Middlewares/Third_Party/FatFs/src/option/ccsbcs.o
LOAD ./Middlewares/Third_Party/FatFs/src/option/syscall.o
START GROUP
LOAD C:/ST/STM32CubeIDE_1.15.1/STM32CubeIDE/plugins/com.st.stm32cube.ide.mcu.externaltools.gnu-tools-for-stm32.12.3.rel1.win32_1.0.100.202403111256/tools/bin/../lib/gcc/arm-none-eabi/12.3.1/../../../../arm-none-eabi/lib/thumb/v7-m/nofp\libc_nano.a
LOAD C:/ST/STM32CubeIDE_1.15.1/STM32CubeIDE/plugins/com.st.stm32cube.ide.mcu.externaltools.gnu-tools-for-stm32.12.3.rel1.win32_1.0.100.202403111256/tools/bin/../lib/gcc/arm-none-eabi/12.3.1/../../../../arm-none-eabi/lib/thumb/v7-m/nofp\libm.a
END GROUP
START GROUP
LOAD C:/ST/STM32CubeIDE_1.15.1/STM32CubeIDE/plugins/com.st.stm32cube.ide.mcu.externaltools.gnu-tools-for-stm32.12.3.rel1.win32_1.0.100.202403111256/tools/bin/../lib/gcc/arm-none-eabi/12.3.1/thumb/v7-m/nofp\libgcc.a
LOAD C:/ST/STM32CubeIDE_1.15.1/STM32CubeIDE/plugins/com.st.stm32cube.ide.mcu.externaltools.gnu-tools-for-stm32.12.3.rel1.win32_1.0.100.202403111256/tools/bin/../lib/gcc/arm-none-eabi/12.3.1/../../../../arm-none-eabi/lib/thumb/v7-m/nofp\libc_nano.a
END GROUP
START GROUP
LOAD C:/ST/STM32CubeIDE_1.15.1/STM32CubeIDE/plugins/com.st.stm32cube.ide.mcu.externaltools.gnu-tools-for-stm32.12.3.rel1.win32_1.0.100.202403111256/tools/bin/../lib/gcc/arm-none-eabi/12.3.1/thumb/v7-m/nofp\libgcc.a
LOAD C:/ST/STM32CubeIDE_1.15.1/STM32CubeIDE/plugins/com.st.stm32cube.ide.mcu.externaltools.gnu-tools-for-stm32.12.3.rel1.win32_1.0.100.202403111256/tools/bin/../lib/gcc/arm-none-eabi/12.3.1/../../../../arm-none-eabi/lib/thumb/v7-m/nofp\libc_nano.a
LOAD C:/ST/STM32CubeIDE_1.15.1/STM32CubeIDE/plugins/com.st.stm32cube.ide.mcu.externaltools.gnu-tools-for-stm32.12.3.rel1.win32_1.0.100.202403111256/tools/bin/../lib/gcc/arm-none-eabi/12.3.1/../../../../arm-none-eabi/lib/thumb/v7-m/nofp\libnosys.a
END GROUP
START GROUP
LOAD C:/ST/STM32CubeIDE_1.15.1/STM32CubeIDE/plugins/com.st.stm32cube.ide.mcu.externaltools.gnu-tools-for-stm32.12.3.rel1.win32_1.0.100.202403111256/tools/bin/../lib/gcc/arm-none-eabi/12.3.1/thumb/v7-m/nofp\libgcc.a
LOAD C:/ST/STM32CubeIDE_1.15.1/STM32CubeIDE/plugins/com.st.stm32cube.ide.mcu.externaltools.gnu-tools-for-stm32.12.3.rel1.win32_1.0.100.202403111256/tools/bin/../lib/gcc/arm-none-eabi/12.3.1/../../../../arm-none-eabi/lib/thumb/v7-m/nofp\libc_nano.a
LOAD C:/ST/STM32CubeIDE_1.15.1/STM32CubeIDE/plugins/com.st.stm32cube.ide.mcu.externaltools.gnu-tools-for-stm32.12.3.rel1.win32_1.0.100.202403111256/tools/bin/../lib/gcc/arm-none-eabi/12.3.1/../../../../arm-none-eabi/lib/thumb/v7-m/nofp\libnosys.a
END GROUP
LOAD C:/ST/STM32CubeIDE_1.15.1/STM32CubeIDE/plugins/com.st.stm32cube.ide.mcu.externaltools.gnu-tools-for-stm32.12.3.rel1.win32_1.0.100.202403111256/tools/bin/../lib/gcc/arm-none-eabi/12.3.1/thumb/v7-m/nofp/crtend.o
LOAD C:/ST/STM32CubeIDE_1.15.1/STM32CubeIDE/plugins/com.st.stm32cube.ide.mcu.externaltools.gnu-tools-for-stm32.12.3.rel1.win32_1.0.100.202403111256/tools/bin/../lib/gcc/arm-none-eabi/12.3.1/thumb/v7-m/nofp/crtn.o
                0x20005000                        _estack = (ORIGIN (RAM) + LENGTH (RAM))
                0x00000200                        _Min_Heap_Size = 0x200
                0x00000400                        _Min_Stack_Size = 0x400

.isr_vector     0x08000000      0x10c
                0x08000000                        . = ALIGN (0x4)
 *(.isr_vector)
 .isr_vector    0x08000000      0x10c ./Core/Startup/startup_stm32f103c8tx.o
                0x08000000                g_pfnVectors
                0x0800010c                        . = ALIGN (0x4)

.text           0x0800010c     0x6410
                0x0800010c                        . = ALIGN (0x4)
 *(.text)
 .text          0x0800010c       0x40 C:/ST/STM32CubeIDE_1.15.1/STM32CubeIDE/plugins/com.st.stm32cube.ide.mcu.externaltools.gnu-tools-for-stm32.12.3.rel1.win32_1.0.100.202403111256/tools/bin/../lib/gcc/arm-none-eabi/12.3.1/thumb/v7-m/nofp/crtbegin.o
 *(.text*)
 .text.SELECT   0x0800014c       0x1c ./Core/Src/fatfs_sd.o
 .text.DESELECT
                0x08000168       0x1c ./Core/Src/fatfs_sd.o
 .text.SPI_TxByte
                0x08000184       0x34 ./Core/Src/fatfs_sd.o
 .text.SPI_TxBuffer
                0x080001b8       0x34 ./Core/Src/fatfs_sd.o
 .text.SPI_RxByte
                0x080001ec       0x38 ./Core/Src/fatfs_sd.o
 .text.SPI_RxBytePtr
                0x08000224       0x1c ./Core/Src/fatfs_sd.o
 .text.SD_ReadyWait
                0x08000240       0x34 ./Core/Src/fatfs_sd.o
 .text.SD_PowerOn
                0x08000274       0x84 ./Core/Src/fatfs_sd.o
 .text.SD_PowerOff
                0x080002f8       0x18 ./Core/Src/fatfs_sd.o
 .text.SD_CheckPower
                0x08000310       0x14 ./Core/Src/fatfs_sd.o
 .text.SD_RxDataBlock
                0x08000324       0x5c ./Core/Src/fatfs_sd.o
 .text.SD_TxDataBlock
                0x08000380       0x86 ./Core/Src/fatfs_sd.o
 .text.SD_SendCmd
                0x08000406       0xa8 ./Core/Src/fatfs_sd.o
 *fill*         0x080004ae        0x2 
 .text.SD_disk_initialize
                0x080004b0      0x1cc ./Core/Src/fatfs_sd.o
                0x080004b0                SD_disk_initialize
 .text.SD_disk_status
                0x0800067c       0x28 ./Core/Src/fatfs_sd.o
                0x0800067c                SD_disk_status
 .text.SD_disk_read
                0x080006a4       0xd4 ./Core/Src/fatfs_sd.o
                0x080006a4                SD_disk_read
 .text.SD_disk_write
                0x08000778      0x108 ./Core/Src/fatfs_sd.o
                0x08000778                SD_disk_write
 .text.SD_disk_ioctl
                0x08000880      0x254 ./Core/Src/fatfs_sd.o
                0x08000880                SD_disk_ioctl
 .text.main     0x08000ad4       0x58 ./Core/Src/main.o
                0x08000ad4                main
 .text.setup_sd_files
                0x08000b2c       0xbc ./Core/Src/main.o
                0x08000b2c                setup_sd_files
 .text.SystemClock_Config
                0x08000be8       0x76 ./Core/Src/main.o
                0x08000be8                SystemClock_Config
 *fill*         0x08000c5e        0x2 
 .text.MX_SPI1_Init
                0x08000c60       0x6c ./Core/Src/main.o
 .text.MX_GPIO_Init
                0x08000ccc       0xa8 ./Core/Src/main.o
 .text.Error_Handler
                0x08000d74        0xc ./Core/Src/main.o
                0x08000d74                Error_Handler
 .text.HAL_MspInit
                0x08000d80       0x64 ./Core/Src/stm32f1xx_hal_msp.o
                0x08000d80                HAL_MspInit
 .text.HAL_SPI_MspInit
                0x08000de4       0x94 ./Core/Src/stm32f1xx_hal_msp.o
                0x08000de4                HAL_SPI_MspInit
 .text.NMI_Handler
                0x08000e78        0x8 ./Core/Src/stm32f1xx_it.o
                0x08000e78                NMI_Handler
 .text.HardFault_Handler
                0x08000e80        0x8 ./Core/Src/stm32f1xx_it.o
                0x08000e80                HardFault_Handler
 .text.MemManage_Handler
                0x08000e88        0x8 ./Core/Src/stm32f1xx_it.o
                0x08000e88                MemManage_Handler
 .text.BusFault_Handler
                0x08000e90        0x8 ./Core/Src/stm32f1xx_it.o
                0x08000e90                BusFault_Handler
 .text.UsageFault_Handler
                0x08000e98        0x8 ./Core/Src/stm32f1xx_it.o
                0x08000e98                UsageFault_Handler
 .text.SVC_Handler
                0x08000ea0        0xc ./Core/Src/stm32f1xx_it.o
                0x08000ea0                SVC_Handler
 .text.DebugMon_Handler
                0x08000eac        0xc ./Core/Src/stm32f1xx_it.o
                0x08000eac                DebugMon_Handler
 .text.PendSV_Handler
                0x08000eb8        0xc ./Core/Src/stm32f1xx_it.o
                0x08000eb8                PendSV_Handler
 .text.SysTick_Handler
                0x08000ec4       0x3c ./Core/Src/stm32f1xx_it.o
                0x08000ec4                SysTick_Handler
 .text.SystemInit
                0x08000f00        0xc ./Core/Src/system_stm32f1xx.o
                0x08000f00                SystemInit
 .text.Reset_Handler
                0x08000f0c       0x48 ./Core/Startup/startup_stm32f103c8tx.o
                0x08000f0c                Reset_Handler
 .text.Default_Handler
                0x08000f54        0x2 ./Core/Startup/startup_stm32f103c8tx.o
                0x08000f54                RTC_Alarm_IRQHandler
                0x08000f54                EXTI2_IRQHandler
                0x08000f54                TIM1_CC_IRQHandler
                0x08000f54                PVD_IRQHandler
                0x08000f54                EXTI3_IRQHandler
                0x08000f54                EXTI0_IRQHandler
                0x08000f54                I2C2_EV_IRQHandler
                0x08000f54                ADC1_2_IRQHandler
                0x08000f54                SPI1_IRQHandler
                0x08000f54                TAMPER_IRQHandler
                0x08000f54                DMA1_Channel4_IRQHandler
                0x08000f54                USART3_IRQHandler
                0x08000f54                RTC_IRQHandler
                0x08000f54                DMA1_Channel7_IRQHandler
                0x08000f54                CAN1_RX1_IRQHandler
                0x08000f54                TIM4_IRQHandler
                0x08000f54                I2C1_EV_IRQHandler
                0x08000f54                DMA1_Channel6_IRQHandler
                0x08000f54                TIM3_IRQHandler
                0x08000f54                RCC_IRQHandler
                0x08000f54                TIM1_TRG_COM_IRQHandler
                0x08000f54                DMA1_Channel1_IRQHandler
                0x08000f54                Default_Handler
                0x08000f54                EXTI15_10_IRQHandler
                0x08000f54                EXTI9_5_IRQHandler
                0x08000f54                SPI2_IRQHandler
                0x08000f54                DMA1_Channel5_IRQHandler
                0x08000f54                EXTI4_IRQHandler
                0x08000f54                USB_LP_CAN1_RX0_IRQHandler
                0x08000f54                USB_HP_CAN1_TX_IRQHandler
                0x08000f54                DMA1_Channel3_IRQHandler
                0x08000f54                TIM1_UP_IRQHandler
                0x08000f54                WWDG_IRQHandler
                0x08000f54                TIM2_IRQHandler
                0x08000f54                TIM1_BRK_IRQHandler
                0x08000f54                EXTI1_IRQHandler
                0x08000f54                USART2_IRQHandler
                0x08000f54                I2C2_ER_IRQHandler
                0x08000f54                DMA1_Channel2_IRQHandler
                0x08000f54                CAN1_SCE_IRQHandler
                0x08000f54                FLASH_IRQHandler
                0x08000f54                USART1_IRQHandler
                0x08000f54                I2C1_ER_IRQHandler
                0x08000f54                USBWakeUp_IRQHandler
 *fill*         0x08000f56        0x2 
 .text.HAL_Init
                0x08000f58       0x2c ./Drivers/STM32F1xx_HAL_Driver/Src/stm32f1xx_hal.o
                0x08000f58                HAL_Init
 .text.HAL_InitTick
                0x08000f84       0x60 ./Drivers/STM32F1xx_HAL_Driver/Src/stm32f1xx_hal.o
                0x08000f84                HAL_InitTick
 .text.HAL_IncTick
                0x08000fe4       0x24 ./Drivers/STM32F1xx_HAL_Driver/Src/stm32f1xx_hal.o
                0x08000fe4                HAL_IncTick
 .text.HAL_GetTick
                0x08001008       0x14 ./Drivers/STM32F1xx_HAL_Driver/Src/stm32f1xx_hal.o
                0x08001008                HAL_GetTick
 .text.HAL_Delay
                0x0800101c       0x48 ./Drivers/STM32F1xx_HAL_Driver/Src/stm32f1xx_hal.o
                0x0800101c                HAL_Delay
 .text.__NVIC_SetPriorityGrouping
                0x08001064       0x48 ./Drivers/STM32F1xx_HAL_Driver/Src/stm32f1xx_hal_cortex.o
 .text.__NVIC_GetPriorityGrouping
                0x080010ac       0x1c ./Drivers/STM32F1xx_HAL_Driver/Src/stm32f1xx_hal_cortex.o
 .text.__NVIC_SetPriority
                0x080010c8       0x54 ./Drivers/STM32F1xx_HAL_Driver/Src/stm32f1xx_hal_cortex.o
 .text.NVIC_EncodePriority
                0x0800111c       0x64 ./Drivers/STM32F1xx_HAL_Driver/Src/stm32f1xx_hal_cortex.o
 .text.SysTick_Config
                0x08001180       0x44 ./Drivers/STM32F1xx_HAL_Driver/Src/stm32f1xx_hal_cortex.o
 .text.HAL_NVIC_SetPriorityGrouping
                0x080011c4       0x16 ./Drivers/STM32F1xx_HAL_Driver/Src/stm32f1xx_hal_cortex.o
                0x080011c4                HAL_NVIC_SetPriorityGrouping
 .text.HAL_NVIC_SetPriority
                0x080011da       0x38 ./Drivers/STM32F1xx_HAL_Driver/Src/stm32f1xx_hal_cortex.o
                0x080011da                HAL_NVIC_SetPriority
 .text.HAL_SYSTICK_Config
                0x08001212       0x18 ./Drivers/STM32F1xx_HAL_Driver/Src/stm32f1xx_hal_cortex.o
                0x08001212                HAL_SYSTICK_Config
 *fill*         0x0800122a        0x2 
 .text.HAL_GPIO_Init
                0x0800122c      0x308 ./Drivers/STM32F1xx_HAL_Driver/Src/stm32f1xx_hal_gpio.o
                0x0800122c                HAL_GPIO_Init
 .text.HAL_GPIO_WritePin
                0x08001534       0x30 ./Drivers/STM32F1xx_HAL_Driver/Src/stm32f1xx_hal_gpio.o
                0x08001534                HAL_GPIO_WritePin
 .text.HAL_GPIO_TogglePin
                0x08001564       0x32 ./Drivers/STM32F1xx_HAL_Driver/Src/stm32f1xx_hal_gpio.o
                0x08001564                HAL_GPIO_TogglePin
 *fill*         0x08001596        0x2 
 .text.HAL_RCC_OscConfig
                0x08001598      0x504 ./Drivers/STM32F1xx_HAL_Driver/Src/stm32f1xx_hal_rcc.o
                0x08001598                HAL_RCC_OscConfig
 .text.HAL_RCC_ClockConfig
                0x08001a9c      0x1d4 ./Drivers/STM32F1xx_HAL_Driver/Src/stm32f1xx_hal_rcc.o
                0x08001a9c                HAL_RCC_ClockConfig
 .text.HAL_RCC_GetSysClockFreq
                0x08001c70       0xa8 ./Drivers/STM32F1xx_HAL_Driver/Src/stm32f1xx_hal_rcc.o
                0x08001c70                HAL_RCC_GetSysClockFreq
 .text.RCC_Delay
                0x08001d18       0x3c ./Drivers/STM32F1xx_HAL_Driver/Src/stm32f1xx_hal_rcc.o
 .text.HAL_SPI_Init
                0x08001d54      0x108 ./Drivers/STM32F1xx_HAL_Driver/Src/stm32f1xx_hal_spi.o
                0x08001d54                HAL_SPI_Init
 .text.HAL_SPI_Transmit
                0x08001e5c      0x286 ./Drivers/STM32F1xx_HAL_Driver/Src/stm32f1xx_hal_spi.o
                0x08001e5c                HAL_SPI_Transmit
 .text.HAL_SPI_TransmitReceive
                0x080020e2      0x360 ./Drivers/STM32F1xx_HAL_Driver/Src/stm32f1xx_hal_spi.o
                0x080020e2                HAL_SPI_TransmitReceive
 *fill*         0x08002442        0x2 
 .text.SPI_WaitFlagStateUntilTimeout
                0x08002444      0x110 ./Drivers/STM32F1xx_HAL_Driver/Src/stm32f1xx_hal_spi.o
 .text.SPI_EndRxTxTransaction
                0x08002554       0x3c ./Drivers/STM32F1xx_HAL_Driver/Src/stm32f1xx_hal_spi.o
 .text.MX_FATFS_Init
                0x08002590       0x24 ./FATFS/App/fatfs.o
                0x08002590                MX_FATFS_Init
 .text.get_fattime
                0x080025b4        0xe ./FATFS/App/fatfs.o
                0x080025b4                get_fattime
 .text.USER_initialize
                0x080025c2       0x1e ./FATFS/Target/user_diskio.o
                0x080025c2                USER_initialize
 .text.USER_status
                0x080025e0       0x1e ./FATFS/Target/user_diskio.o
                0x080025e0                USER_status
 .text.USER_read
                0x080025fe       0x28 ./FATFS/Target/user_diskio.o
                0x080025fe                USER_read
 .text.USER_write
                0x08002626       0x28 ./FATFS/Target/user_diskio.o
                0x08002626                USER_write
 .text.USER_ioctl
                0x0800264e       0x28 ./FATFS/Target/user_diskio.o
                0x0800264e                USER_ioctl
 *fill*         0x08002676        0x2 
 .text.disk_status
                0x08002678       0x34 ./Middlewares/Third_Party/FatFs/src/diskio.o
                0x08002678                disk_status
 .text.disk_initialize
                0x080026ac       0x4c ./Middlewares/Third_Party/FatFs/src/diskio.o
                0x080026ac                disk_initialize
 .text.disk_read
                0x080026f8       0x40 ./Middlewares/Third_Party/FatFs/src/diskio.o
                0x080026f8                disk_read
 .text.disk_write
                0x08002738       0x40 ./Middlewares/Third_Party/FatFs/src/diskio.o
                0x08002738                disk_write
 .text.disk_ioctl
                0x08002778       0x3c ./Middlewares/Third_Party/FatFs/src/diskio.o
                0x08002778                disk_ioctl
 .text.mem_cpy  0x080027b4       0x3c ./Middlewares/Third_Party/FatFs/src/ff.o
 .text.mem_set  0x080027f0       0x34 ./Middlewares/Third_Party/FatFs/src/ff.o
 .text.mem_cmp  0x08002824       0x4c ./Middlewares/Third_Party/FatFs/src/ff.o
 .text.chk_chr  0x08002870       0x34 ./Middlewares/Third_Party/FatFs/src/ff.o
 .text.chk_lock
                0x080028a4       0xe0 ./Middlewares/Third_Party/FatFs/src/ff.o
 .text.enq_lock
                0x08002984       0x48 ./Middlewares/Third_Party/FatFs/src/ff.o
 .text.inc_lock
                0x080029cc      0x178 ./Middlewares/Third_Party/FatFs/src/ff.o
 .text.dec_lock
                0x08002b44       0x88 ./Middlewares/Third_Party/FatFs/src/ff.o
 .text.clear_lock
                0x08002bcc       0x54 ./Middlewares/Third_Party/FatFs/src/ff.o
 .text.sync_window
                0x08002c20       0xa4 ./Middlewares/Third_Party/FatFs/src/ff.o
 .text.move_window
                0x08002cc4       0x64 ./Middlewares/Third_Party/FatFs/src/ff.o
 .text.sync_fs  0x08002d28      0x17e ./Middlewares/Third_Party/FatFs/src/ff.o
 .text.clust2sect
                0x08002ea6       0x48 ./Middlewares/Third_Party/FatFs/src/ff.o
                0x08002ea6                clust2sect
 .text.get_fat  0x08002eee      0x1f6 ./Middlewares/Third_Party/FatFs/src/ff.o
                0x08002eee                get_fat
 .text.put_fat  0x080030e4      0x2a6 ./Middlewares/Third_Party/FatFs/src/ff.o
                0x080030e4                put_fat
 .text.remove_chain
                0x0800338a       0xc2 ./Middlewares/Third_Party/FatFs/src/ff.o
 .text.create_chain
                0x0800344c      0x150 ./Middlewares/Third_Party/FatFs/src/ff.o
 .text.clmt_clust
                0x0800359c       0x80 ./Middlewares/Third_Party/FatFs/src/ff.o
 .text.dir_sdi  0x0800361c      0x19c ./Middlewares/Third_Party/FatFs/src/ff.o
 .text.dir_next
                0x080037b8      0x294 ./Middlewares/Third_Party/FatFs/src/ff.o
 .text.dir_alloc
                0x08003a4c       0x9c ./Middlewares/Third_Party/FatFs/src/ff.o
 .text.ld_clust
                0x08003ae8       0x5c ./Middlewares/Third_Party/FatFs/src/ff.o
 .text.st_clust
                0x08003b44       0x4c ./Middlewares/Third_Party/FatFs/src/ff.o
 .text.cmp_lfn  0x08003b90       0xdc ./Middlewares/Third_Party/FatFs/src/ff.o
 .text.fit_lfn  0x08003c6c       0xe8 ./Middlewares/Third_Party/FatFs/src/ff.o
 .text.gen_numname
                0x08003d54      0x11c ./Middlewares/Third_Party/FatFs/src/ff.o
 .text.sum_sfn  0x08003e70       0x40 ./Middlewares/Third_Party/FatFs/src/ff.o
 .text.dir_find
                0x08003eb0      0x198 ./Middlewares/Third_Party/FatFs/src/ff.o
 .text.dir_register
                0x08004048      0x248 ./Middlewares/Third_Party/FatFs/src/ff.o
 .text.create_name
                0x08004290      0x37c ./Middlewares/Third_Party/FatFs/src/ff.o
 .text.follow_path
                0x0800460c       0xec ./Middlewares/Third_Party/FatFs/src/ff.o
 .text.get_ldnumber
                0x080046f8       0x86 ./Middlewares/Third_Party/FatFs/src/ff.o
 *fill*         0x0800477e        0x2 
 .text.check_fs
                0x08004780       0xdc ./Middlewares/Third_Party/FatFs/src/ff.o
 .text.find_volume
                0x0800485c      0x664 ./Middlewares/Third_Party/FatFs/src/ff.o
 .text.validate
                0x08004ec0       0x76 ./Middlewares/Third_Party/FatFs/src/ff.o
 *fill*         0x08004f36        0x2 
 .text.f_mount  0x08004f38       0x94 ./Middlewares/Third_Party/FatFs/src/ff.o
                0x08004f38                f_mount
 .text.f_open   0x08004fcc      0x628 ./Middlewares/Third_Party/FatFs/src/ff.o
                0x08004fcc                f_open
 .text.f_write  0x080055f4      0x472 ./Middlewares/Third_Party/FatFs/src/ff.o
                0x080055f4                f_write
 .text.f_sync   0x08005a66      0x19c ./Middlewares/Third_Party/FatFs/src/ff.o
                0x08005a66                f_sync
 .text.f_close  0x08005c02       0x56 ./Middlewares/Third_Party/FatFs/src/ff.o
                0x08005c02                f_close
 .text.f_lseek  0x08005c58      0x5e2 ./Middlewares/Third_Party/FatFs/src/ff.o
                0x08005c58                f_lseek
 .text.putc_bfd
                0x0800623a       0x7a ./Middlewares/Third_Party/FatFs/src/ff.o
 .text.f_puts   0x080062b4       0x72 ./Middlewares/Third_Party/FatFs/src/ff.o
                0x080062b4                f_puts
 *fill*         0x08006326        0x2 
 .text.FATFS_LinkDriverEx
                0x08006328       0x94 ./Middlewares/Third_Party/FatFs/src/ff_gen_drv.o
                0x08006328                FATFS_LinkDriverEx
 .text.FATFS_LinkDriver
                0x080063bc       0x1e ./Middlewares/Third_Party/FatFs/src/ff_gen_drv.o
                0x080063bc                FATFS_LinkDriver
 *fill*         0x080063da        0x2 
 .text.ff_convert
                0x080063dc       0x74 ./Middlewares/Third_Party/FatFs/src/option/ccsbcs.o
                0x080063dc                ff_convert
 .text.ff_wtoupper
                0x08006450       0x5c ./Middlewares/Third_Party/FatFs/src/option/ccsbcs.o
                0x08006450                ff_wtoupper
 .text.memset   0x080064ac       0x10 C:/ST/STM32CubeIDE_1.15.1/STM32CubeIDE/plugins/com.st.stm32cube.ide.mcu.externaltools.gnu-tools-for-stm32.12.3.rel1.win32_1.0.100.202403111256/tools/bin/../lib/gcc/arm-none-eabi/12.3.1/../../../../arm-none-eabi/lib/thumb/v7-m/nofp\libc_nano.a(libc_a-memset.o)
                0x080064ac                memset
 .text.__libc_init_array
                0x080064bc       0x48 C:/ST/STM32CubeIDE_1.15.1/STM32CubeIDE/plugins/com.st.stm32cube.ide.mcu.externaltools.gnu-tools-for-stm32.12.3.rel1.win32_1.0.100.202403111256/tools/bin/../lib/gcc/arm-none-eabi/12.3.1/../../../../arm-none-eabi/lib/thumb/v7-m/nofp\libc_nano.a(libc_a-init.o)
                0x080064bc                __libc_init_array
 *(.glue_7)
 .glue_7        0x08006504        0x0 linker stubs
 *(.glue_7t)
 .glue_7t       0x08006504        0x0 linker stubs
 *(.eh_frame)
 .eh_frame      0x08006504        0x0 C:/ST/STM32CubeIDE_1.15.1/STM32CubeIDE/plugins/com.st.stm32cube.ide.mcu.externaltools.gnu-tools-for-stm32.12.3.rel1.win32_1.0.100.202403111256/tools/bin/../lib/gcc/arm-none-eabi/12.3.1/thumb/v7-m/nofp/crtbegin.o
 *(.init)
 .init          0x08006504        0x4 C:/ST/STM32CubeIDE_1.15.1/STM32CubeIDE/plugins/com.st.stm32cube.ide.mcu.externaltools.gnu-tools-for-stm32.12.3.rel1.win32_1.0.100.202403111256/tools/bin/../lib/gcc/arm-none-eabi/12.3.1/thumb/v7-m/nofp/crti.o
                0x08006504                _init
 .init          0x08006508        0x8 C:/ST/STM32CubeIDE_1.15.1/STM32CubeIDE/plugins/com.st.stm32cube.ide.mcu.externaltools.gnu-tools-for-stm32.12.3.rel1.win32_1.0.100.202403111256/tools/bin/../lib/gcc/arm-none-eabi/12.3.1/thumb/v7-m/nofp/crtn.o
 *(.fini)
 .fini          0x08006510        0x4 C:/ST/STM32CubeIDE_1.15.1/STM32CubeIDE/plugins/com.st.stm32cube.ide.mcu.externaltools.gnu-tools-for-stm32.12.3.rel1.win32_1.0.100.202403111256/tools/bin/../lib/gcc/arm-none-eabi/12.3.1/thumb/v7-m/nofp/crti.o
                0x08006510                _fini
 .fini          0x08006514        0x8 C:/ST/STM32CubeIDE_1.15.1/STM32CubeIDE/plugins/com.st.stm32cube.ide.mcu.externaltools.gnu-tools-for-stm32.12.3.rel1.win32_1.0.100.202403111256/tools/bin/../lib/gcc/arm-none-eabi/12.3.1/thumb/v7-m/nofp/crtn.o
                0x0800651c                        . = ALIGN (0x4)
                0x0800651c                        _etext = .

.vfp11_veneer   0x0800651c        0x0
 .vfp11_veneer  0x0800651c        0x0 linker stubs

.v4_bx          0x0800651c        0x0
 .v4_bx         0x0800651c        0x0 linker stubs

.iplt           0x0800651c        0x0
 .iplt          0x0800651c        0x0 C:/ST/STM32CubeIDE_1.15.1/STM32CubeIDE/plugins/com.st.stm32cube.ide.mcu.externaltools.gnu-tools-for-stm32.12.3.rel1.win32_1.0.100.202403111256/tools/bin/../lib/gcc/arm-none-eabi/12.3.1/thumb/v7-m/nofp/crtbegin.o

.rodata         0x0800651c      0x640
                0x0800651c                        . = ALIGN (0x4)
 *(.rodata)
 .rodata        0x0800651c       0x81 ./Core/Src/main.o
 *fill*         0x0800659d        0x3 
 .rodata        0x080065a0       0x48 ./Middlewares/Third_Party/FatFs/src/ff.o
 *(.rodata*)
 .rodata.AHBPrescTable
                0x080065e8       0x10 ./Core/Src/system_stm32f1xx.o
                0x080065e8                AHBPrescTable
 .rodata.aPLLMULFactorTable.1
                0x080065f8       0x10 ./Drivers/STM32F1xx_HAL_Driver/Src/stm32f1xx_hal_rcc.o
 .rodata.aPredivFactorTable.0
                0x08006608        0x2 ./Drivers/STM32F1xx_HAL_Driver/Src/stm32f1xx_hal_rcc.o
 *fill*         0x0800660a        0x2 
 .rodata.ExCvt  0x0800660c       0x80 ./Middlewares/Third_Party/FatFs/src/ff.o
 .rodata.LfnOfs
                0x0800668c        0xd ./Middlewares/Third_Party/FatFs/src/ff.o
 *fill*         0x08006699        0x3 
 .rodata.Tbl    0x0800669c      0x100 ./Middlewares/Third_Party/FatFs/src/option/ccsbcs.o
 .rodata.tbl_lower.1
                0x0800679c      0x1e0 ./Middlewares/Third_Party/FatFs/src/option/ccsbcs.o
 .rodata.tbl_upper.0
                0x0800697c      0x1e0 ./Middlewares/Third_Party/FatFs/src/option/ccsbcs.o
                0x08006b5c                        . = ALIGN (0x4)

.ARM.extab      0x08006b5c        0x0
                0x08006b5c                        . = ALIGN (0x4)
 *(.ARM.extab* .gnu.linkonce.armextab.*)
                0x08006b5c                        . = ALIGN (0x4)

.ARM            0x08006b5c        0x0
                0x08006b5c                        . = ALIGN (0x4)
                0x08006b5c                        __exidx_start = .
 *(.ARM.exidx*)
                0x08006b5c                        __exidx_end = .
                0x08006b5c                        . = ALIGN (0x4)

.preinit_array  0x08006b5c        0x0
                0x08006b5c                        . = ALIGN (0x4)
                0x08006b5c                        PROVIDE (__preinit_array_start = .)
 *(.preinit_array*)
                0x08006b5c                        PROVIDE (__preinit_array_end = .)
                0x08006b5c                        . = ALIGN (0x4)

.init_array     0x08006b5c        0x4
                0x08006b5c                        . = ALIGN (0x4)
                0x08006b5c                        PROVIDE (__init_array_start = .)
 *(SORT_BY_NAME(.init_array.*))
 *(.init_array*)
 .init_array    0x08006b5c        0x4 C:/ST/STM32CubeIDE_1.15.1/STM32CubeIDE/plugins/com.st.stm32cube.ide.mcu.externaltools.gnu-tools-for-stm32.12.3.rel1.win32_1.0.100.202403111256/tools/bin/../lib/gcc/arm-none-eabi/12.3.1/thumb/v7-m/nofp/crtbegin.o
                0x08006b60                        PROVIDE (__init_array_end = .)
                0x08006b60                        . = ALIGN (0x4)

.fini_array     0x08006b60        0x4
                0x08006b60                        . = ALIGN (0x4)
                [!provide]                        PROVIDE (__fini_array_start = .)
 *(SORT_BY_NAME(.fini_array.*))
 *(.fini_array*)
 .fini_array    0x08006b60        0x4 C:/ST/STM32CubeIDE_1.15.1/STM32CubeIDE/plugins/com.st.stm32cube.ide.mcu.externaltools.gnu-tools-for-stm32.12.3.rel1.win32_1.0.100.202403111256/tools/bin/../lib/gcc/arm-none-eabi/12.3.1/thumb/v7-m/nofp/crtbegin.o
                [!provide]                        PROVIDE (__fini_array_end = .)
                0x08006b64                        . = ALIGN (0x4)
                0x08006b64                        _sidata = LOADADDR (.data)

.rel.dyn        0x08006b64        0x0
 .rel.iplt      0x08006b64        0x0 C:/ST/STM32CubeIDE_1.15.1/STM32CubeIDE/plugins/com.st.stm32cube.ide.mcu.externaltools.gnu-tools-for-stm32.12.3.rel1.win32_1.0.100.202403111256/tools/bin/../lib/gcc/arm-none-eabi/12.3.1/thumb/v7-m/nofp/crtbegin.o

.data           0x20000000       0x40 load address 0x08006b64
                0x20000000                        . = ALIGN (0x4)
                0x20000000                        _sdata = .
 *(.data)
 *(.data*)
 .data.Stat     0x20000000        0x1 ./Core/Src/fatfs_sd.o
 *fill*         0x20000001        0x3 
 .data.filenames
                0x20000004       0x1c ./Core/Src/main.o
                0x20000004                filenames
 .data.SystemCoreClock
                0x20000020        0x4 ./Core/Src/system_stm32f1xx.o
                0x20000020                SystemCoreClock
 .data.uwTickPrio
                0x20000024        0x4 ./Drivers/STM32F1xx_HAL_Driver/Src/stm32f1xx_hal.o
                0x20000024                uwTickPrio
 .data.uwTickFreq
                0x20000028        0x1 ./Drivers/STM32F1xx_HAL_Driver/Src/stm32f1xx_hal.o
                0x20000028                uwTickFreq
 *fill*         0x20000029        0x3 
 .data.USER_Driver
                0x2000002c       0x14 ./FATFS/Target/user_diskio.o
                0x2000002c                USER_Driver
 *(.RamFunc)
 *(.RamFunc*)
                0x20000040                        . = ALIGN (0x4)
                0x20000040                        _edata = .

.igot.plt       0x20000040        0x0 load address 0x08006ba4
 .igot.plt      0x20000040        0x0 C:/ST/STM32CubeIDE_1.15.1/STM32CubeIDE/plugins/com.st.stm32cube.ide.mcu.externaltools.gnu-tools-for-stm32.12.3.rel1.win32_1.0.100.202403111256/tools/bin/../lib/gcc/arm-none-eabi/12.3.1/thumb/v7-m/nofp/crtbegin.o
                0x20000040                        . = ALIGN (0x4)

.bss            0x20000040     0x12e4 load address 0x08006ba4
                0x20000040                        _sbss = .
                0x20000040                        __bss_start__ = _sbss
 *(.bss)
 .bss           0x20000040       0x1c C:/ST/STM32CubeIDE_1.15.1/STM32CubeIDE/plugins/com.st.stm32cube.ide.mcu.externaltools.gnu-tools-for-stm32.12.3.rel1.win32_1.0.100.202403111256/tools/bin/../lib/gcc/arm-none-eabi/12.3.1/thumb/v7-m/nofp/crtbegin.o
 *(.bss*)
 .bss.Timer1    0x2000005c        0x2 ./Core/Src/fatfs_sd.o
                0x2000005c                Timer1
 .bss.Timer2    0x2000005e        0x2 ./Core/Src/fatfs_sd.o
                0x2000005e                Timer2
 .bss.CardType  0x20000060        0x1 ./Core/Src/fatfs_sd.o
 .bss.PowerFlag
                0x20000061        0x1 ./Core/Src/fatfs_sd.o
 *fill*         0x20000062        0x2 
 .bss.fs        0x20000064     0x1030 ./Core/Src/main.o
                0x20000064                fs
 .bss.hspi1     0x20001094       0x58 ./Core/Src/main.o
                0x20001094                hspi1
 .bss.uwTick    0x200010ec        0x4 ./Drivers/STM32F1xx_HAL_Driver/Src/stm32f1xx_hal.o
                0x200010ec                uwTick
 .bss.retUSER   0x200010f0        0x1 ./FATFS/App/fatfs.o
                0x200010f0                retUSER
 *fill*         0x200010f1        0x3 
 .bss.USERPath  0x200010f4        0x4 ./FATFS/App/fatfs.o
                0x200010f4                USERPath
 .bss.FatFs     0x200010f8        0x4 ./Middlewares/Third_Party/FatFs/src/ff.o
 .bss.Fsid      0x200010fc        0x2 ./Middlewares/Third_Party/FatFs/src/ff.o
 *fill*         0x200010fe        0x2 
 .bss.Files     0x20001100       0x18 ./Middlewares/Third_Party/FatFs/src/ff.o
 .bss.LfnBuf    0x20001118      0x200 ./Middlewares/Third_Party/FatFs/src/ff.o
 .bss.disk      0x20001318        0xc ./Middlewares/Third_Party/FatFs/src/ff_gen_drv.o
                0x20001318                disk
 *(COMMON)
                0x20001324                        . = ALIGN (0x4)
                0x20001324                        _ebss = .
                0x20001324                        __bss_end__ = _ebss

._user_heap_stack
                0x20001324      0x604 load address 0x08006ba4
                0x20001328                        . = ALIGN (0x8)
 *fill*         0x20001324        0x4 
                [!provide]                        PROVIDE (end = .)
                0x20001328                        PROVIDE (_end = .)
                0x20001528                        . = (. + _Min_Heap_Size)
 *fill*         0x20001328      0x200 
                0x20001928                        . = (. + _Min_Stack_Size)
 *fill*         0x20001528      0x400 
                0x20001928                        . = ALIGN (0x8)

/DISCARD/
 libc.a(*)
 libm.a(*)
 libgcc.a(*)

.ARM.attributes
                0x00000000       0x29
 *(.ARM.attributes)
 .ARM.attributes
                0x00000000       0x1d C:/ST/STM32CubeIDE_1.15.1/STM32CubeIDE/plugins/com.st.stm32cube.ide.mcu.externaltools.gnu-tools-for-stm32.12.3.rel1.win32_1.0.100.202403111256/tools/bin/../lib/gcc/arm-none-eabi/12.3.1/thumb/v7-m/nofp/crti.o
 .ARM.attributes
                0x0000001d       0x2d C:/ST/STM32CubeIDE_1.15.1/STM32CubeIDE/plugins/com.st.stm32cube.ide.mcu.externaltools.gnu-tools-for-stm32.12.3.rel1.win32_1.0.100.202403111256/tools/bin/../lib/gcc/arm-none-eabi/12.3.1/thumb/v7-m/nofp/crtbegin.o
 .ARM.attributes
                0x0000004a       0x2d ./Core/Src/fatfs_sd.o
 .ARM.attributes
                0x00000077       0x2d ./Core/Src/main.o
 .ARM.attributes
                0x000000a4       0x2d ./Core/Src/stm32f1xx_hal_msp.o
 .ARM.attributes
                0x000000d1       0x2d ./Core/Src/stm32f1xx_it.o
 .ARM.attributes
                0x000000fe       0x2d ./Core/Src/system_stm32f1xx.o
 .ARM.attributes
                0x0000012b       0x21 ./Core/Startup/startup_stm32f103c8tx.o
 .ARM.attributes
                0x0000014c       0x2d ./Drivers/STM32F1xx_HAL_Driver/Src/stm32f1xx_hal.o
 .ARM.attributes
                0x00000179       0x2d ./Drivers/STM32F1xx_HAL_Driver/Src/stm32f1xx_hal_cortex.o
 .ARM.attributes
                0x000001a6       0x2d ./Drivers/STM32F1xx_HAL_Driver/Src/stm32f1xx_hal_gpio.o
 .ARM.attributes
                0x000001d3       0x2d ./Drivers/STM32F1xx_HAL_Driver/Src/stm32f1xx_hal_rcc.o
 .ARM.attributes
                0x00000200       0x2d ./Drivers/STM32F1xx_HAL_Driver/Src/stm32f1xx_hal_spi.o
 .ARM.attributes
                0x0000022d       0x2d ./FATFS/App/fatfs.o
 .ARM.attributes
                0x0000025a       0x2d ./FATFS/Target/user_diskio.o
 .ARM.attributes
                0x00000287       0x2d ./Middlewares/Third_Party/FatFs/src/diskio.o
 .ARM.attributes
                0x000002b4       0x2d ./Middlewares/Third_Party/FatFs/src/ff.o
 .ARM.attributes
                0x000002e1       0x2d ./Middlewares/Third_Party/FatFs/src/ff_gen_drv.o
 .ARM.attributes
                0x0000030e       0x2d ./Middlewares/Third_Party/FatFs/src/option/ccsbcs.o
 .ARM.attributes
                0x0000033b       0x2d C:/ST/STM32CubeIDE_1.15.1/STM32CubeIDE/plugins/com.st.stm32cube.ide.mcu.externaltools.gnu-tools-for-stm32.12.3.rel1.win32_1.0.100.202403111256/tools/bin/../lib/gcc/arm-none-eabi/12.3.1/../../../../arm-none-eabi/lib/thumb/v7-m/nofp\libc_nano.a(libc_a-memset.o)
 .ARM.attributes
                0x00000368       0x2d C:/ST/STM32CubeIDE_1.15.1/STM32CubeIDE/plugins/com.st.stm32cube.ide.mcu.externaltools.gnu-tools-for-stm32.12.3.rel1.win32_1.0.100.202403111256/tools/bin/../lib/gcc/arm-none-eabi/12.3.1/../../../../arm-none-eabi/lib/thumb/v7-m/nofp\libc_nano.a(libc_a-init.o)
 .ARM.attributes
                0x00000395       0x1d C:/ST/STM32CubeIDE_1.15.1/STM32CubeIDE/plugins/com.st.stm32cube.ide.mcu.externaltools.gnu-tools-for-stm32.12.3.rel1.win32_1.0.100.202403111256/tools/bin/../lib/gcc/arm-none-eabi/12.3.1/thumb/v7-m/nofp/crtn.o
OUTPUT(SD_programmer_V1.elf elf32-littlearm)
LOAD linker stubs
LOAD C:/ST/STM32CubeIDE_1.15.1/STM32CubeIDE/plugins/com.st.stm32cube.ide.mcu.externaltools.gnu-tools-for-stm32.12.3.rel1.win32_1.0.100.202403111256/tools/bin/../lib/gcc/arm-none-eabi/12.3.1/../../../../arm-none-eabi/lib/thumb/v7-m/nofp\libc.a
LOAD C:/ST/STM32CubeIDE_1.15.1/STM32CubeIDE/plugins/com.st.stm32cube.ide.mcu.externaltools.gnu-tools-for-stm32.12.3.rel1.win32_1.0.100.202403111256/tools/bin/../lib/gcc/arm-none-eabi/12.3.1/../../../../arm-none-eabi/lib/thumb/v7-m/nofp\libm.a
LOAD C:/ST/STM32CubeIDE_1.15.1/STM32CubeIDE/plugins/com.st.stm32cube.ide.mcu.externaltools.gnu-tools-for-stm32.12.3.rel1.win32_1.0.100.202403111256/tools/bin/../lib/gcc/arm-none-eabi/12.3.1/thumb/v7-m/nofp\libgcc.a

.debug_info     0x00000000     0x8f6d
 .debug_info    0x00000000      0xbb2 ./Core/Src/fatfs_sd.o
 .debug_info    0x00000bb2      0xde1 ./Core/Src/main.o
 .debug_info    0x00001993      0x815 ./Core/Src/stm32f1xx_hal_msp.o
 .debug_info    0x000021a8      0x13f ./Core/Src/stm32f1xx_it.o
 .debug_info    0x000022e7      0x222 ./Core/Src/system_stm32f1xx.o
 .debug_info    0x00002509       0x30 ./Core/Startup/startup_stm32f103c8tx.o
 .debug_info    0x00002539      0x704 ./Drivers/STM32F1xx_HAL_Driver/Src/stm32f1xx_hal.o
 .debug_info    0x00002c3d      0xa87 ./Drivers/STM32F1xx_HAL_Driver/Src/stm32f1xx_hal_cortex.o
 .debug_info    0x000036c4      0x5ab ./Drivers/STM32F1xx_HAL_Driver/Src/stm32f1xx_hal_gpio.o
 .debug_info    0x00003c6f      0x7d5 ./Drivers/STM32F1xx_HAL_Driver/Src/stm32f1xx_hal_rcc.o
 .debug_info    0x00004444     0x1503 ./Drivers/STM32F1xx_HAL_Driver/Src/stm32f1xx_hal_spi.o
 .debug_info    0x00005947      0x4dd ./FATFS/App/fatfs.o
 .debug_info    0x00005e24      0x3a5 ./FATFS/Target/user_diskio.o
 .debug_info    0x000061c9      0x3da ./Middlewares/Third_Party/FatFs/src/diskio.o
 .debug_info    0x000065a3     0x24dd ./Middlewares/Third_Party/FatFs/src/ff.o
 .debug_info    0x00008a80      0x37a ./Middlewares/Third_Party/FatFs/src/ff_gen_drv.o
 .debug_info    0x00008dfa      0x173 ./Middlewares/Third_Party/FatFs/src/option/ccsbcs.o

.debug_abbrev   0x00000000     0x1f99
 .debug_abbrev  0x00000000      0x302 ./Core/Src/fatfs_sd.o
 .debug_abbrev  0x00000302      0x31f ./Core/Src/main.o
 .debug_abbrev  0x00000621      0x1a5 ./Core/Src/stm32f1xx_hal_msp.o
 .debug_abbrev  0x000007c6       0x97 ./Core/Src/stm32f1xx_it.o
 .debug_abbrev  0x0000085d      0x13f ./Core/Src/system_stm32f1xx.o
 .debug_abbrev  0x0000099c       0x24 ./Core/Startup/startup_stm32f103c8tx.o
 .debug_abbrev  0x000009c0      0x201 ./Drivers/STM32F1xx_HAL_Driver/Src/stm32f1xx_hal.o
 .debug_abbrev  0x00000bc1      0x2f8 ./Drivers/STM32F1xx_HAL_Driver/Src/stm32f1xx_hal_cortex.o
 .debug_abbrev  0x00000eb9      0x1ca ./Drivers/STM32F1xx_HAL_Driver/Src/stm32f1xx_hal_gpio.o
 .debug_abbrev  0x00001083      0x2b3 ./Drivers/STM32F1xx_HAL_Driver/Src/stm32f1xx_hal_rcc.o
 .debug_abbrev  0x00001336      0x284 ./Drivers/STM32F1xx_HAL_Driver/Src/stm32f1xx_hal_spi.o
 .debug_abbrev  0x000015ba      0x1a8 ./FATFS/App/fatfs.o
 .debug_abbrev  0x00001762      0x15c ./FATFS/Target/user_diskio.o
 .debug_abbrev  0x000018be      0x181 ./Middlewares/Third_Party/FatFs/src/diskio.o
 .debug_abbrev  0x00001a3f      0x2e6 ./Middlewares/Third_Party/FatFs/src/ff.o
 .debug_abbrev  0x00001d25      0x19f ./Middlewares/Third_Party/FatFs/src/ff_gen_drv.o
 .debug_abbrev  0x00001ec4       0xd5 ./Middlewares/Third_Party/FatFs/src/option/ccsbcs.o

.debug_aranges  0x00000000      0x990
 .debug_aranges
                0x00000000       0xa8 ./Core/Src/fatfs_sd.o
 .debug_aranges
                0x000000a8       0x48 ./Core/Src/main.o
 .debug_aranges
                0x000000f0       0x30 ./Core/Src/stm32f1xx_hal_msp.o
 .debug_aranges
                0x00000120       0x60 ./Core/Src/stm32f1xx_it.o
 .debug_aranges
                0x00000180       0x28 ./Core/Src/system_stm32f1xx.o
 .debug_aranges
                0x000001a8       0x28 ./Core/Startup/startup_stm32f103c8tx.o
 .debug_aranges
                0x000001d0       0xe0 ./Drivers/STM32F1xx_HAL_Driver/Src/stm32f1xx_hal.o
 .debug_aranges
                0x000002b0      0x100 ./Drivers/STM32F1xx_HAL_Driver/Src/stm32f1xx_hal_cortex.o
 .debug_aranges
                0x000003b0       0x58 ./Drivers/STM32F1xx_HAL_Driver/Src/stm32f1xx_hal_gpio.o
 .debug_aranges
                0x00000408       0x90 ./Drivers/STM32F1xx_HAL_Driver/Src/stm32f1xx_hal_rcc.o
 .debug_aranges
                0x00000498      0x1d0 ./Drivers/STM32F1xx_HAL_Driver/Src/stm32f1xx_hal_spi.o
 .debug_aranges
                0x00000668       0x28 ./FATFS/App/fatfs.o
 .debug_aranges
                0x00000690       0x40 ./FATFS/Target/user_diskio.o
 .debug_aranges
                0x000006d0       0x48 ./Middlewares/Third_Party/FatFs/src/diskio.o
 .debug_aranges
                0x00000718      0x210 ./Middlewares/Third_Party/FatFs/src/ff.o
 .debug_aranges
                0x00000928       0x40 ./Middlewares/Third_Party/FatFs/src/ff_gen_drv.o
 .debug_aranges
                0x00000968       0x28 ./Middlewares/Third_Party/FatFs/src/option/ccsbcs.o

.debug_rnglists
                0x00000000      0x72e
 .debug_rnglists
                0x00000000       0x80 ./Core/Src/fatfs_sd.o
 .debug_rnglists
                0x00000080       0x33 ./Core/Src/main.o
 .debug_rnglists
                0x000000b3       0x20 ./Core/Src/stm32f1xx_hal_msp.o
 .debug_rnglists
                0x000000d3       0x43 ./Core/Src/stm32f1xx_it.o
 .debug_rnglists
                0x00000116       0x1a ./Core/Src/system_stm32f1xx.o
 .debug_rnglists
                0x00000130       0x19 ./Core/Startup/startup_stm32f103c8tx.o
 .debug_rnglists
                0x00000149       0xa3 ./Drivers/STM32F1xx_HAL_Driver/Src/stm32f1xx_hal.o
 .debug_rnglists
                0x000001ec       0xbb ./Drivers/STM32F1xx_HAL_Driver/Src/stm32f1xx_hal_cortex.o
 .debug_rnglists
                0x000002a7       0x3f ./Drivers/STM32F1xx_HAL_Driver/Src/stm32f1xx_hal_gpio.o
 .debug_rnglists
                0x000002e6       0x6c ./Drivers/STM32F1xx_HAL_Driver/Src/stm32f1xx_hal_rcc.o
 .debug_rnglists
                0x00000352      0x16e ./Drivers/STM32F1xx_HAL_Driver/Src/stm32f1xx_hal_spi.o
 .debug_rnglists
                0x000004c0       0x19 ./FATFS/App/fatfs.o
 .debug_rnglists
                0x000004d9       0x2b ./FATFS/Target/user_diskio.o
 .debug_rnglists
                0x00000504       0x31 ./Middlewares/Third_Party/FatFs/src/diskio.o
 .debug_rnglists
                0x00000535      0x1b4 ./Middlewares/Third_Party/FatFs/src/ff.o
 .debug_rnglists
                0x000006e9       0x2c ./Middlewares/Third_Party/FatFs/src/ff_gen_drv.o
 .debug_rnglists
                0x00000715       0x19 ./Middlewares/Third_Party/FatFs/src/option/ccsbcs.o

.debug_macro    0x00000000    0x1728c
 .debug_macro   0x00000000      0x1c1 ./Core/Src/fatfs_sd.o
 .debug_macro   0x000001c1      0xaa8 ./Core/Src/fatfs_sd.o
 .debug_macro   0x00000c69      0x215 ./Core/Src/fatfs_sd.o
 .debug_macro   0x00000e7e       0x2e ./Core/Src/fatfs_sd.o
 .debug_macro   0x00000eac       0x22 ./Core/Src/fatfs_sd.o
 .debug_macro   0x00000ece       0x22 ./Core/Src/fatfs_sd.o
 .debug_macro   0x00000ef0       0x8e ./Core/Src/fatfs_sd.o
 .debug_macro   0x00000f7e       0x51 ./Core/Src/fatfs_sd.o
 .debug_macro   0x00000fcf      0x103 ./Core/Src/fatfs_sd.o
 .debug_macro   0x000010d2       0x6a ./Core/Src/fatfs_sd.o
 .debug_macro   0x0000113c      0x1df ./Core/Src/fatfs_sd.o
 .debug_macro   0x0000131b       0x1c ./Core/Src/fatfs_sd.o
 .debug_macro   0x00001337       0x22 ./Core/Src/fatfs_sd.o
 .debug_macro   0x00001359       0xbd ./Core/Src/fatfs_sd.o
 .debug_macro   0x00001416      0xd23 ./Core/Src/fatfs_sd.o
 .debug_macro   0x00002139     0xe09e ./Core/Src/fatfs_sd.o
 .debug_macro   0x000101d7       0x6d ./Core/Src/fatfs_sd.o
 .debug_macro   0x00010244     0x348d ./Core/Src/fatfs_sd.o
 .debug_macro   0x000136d1      0x189 ./Core/Src/fatfs_sd.o
 .debug_macro   0x0001385a       0x5c ./Core/Src/fatfs_sd.o
 .debug_macro   0x000138b6      0x5bc ./Core/Src/fatfs_sd.o
 .debug_macro   0x00013e72      0x289 ./Core/Src/fatfs_sd.o
 .debug_macro   0x000140fb      0x1cb ./Core/Src/fatfs_sd.o
 .debug_macro   0x000142c6      0x114 ./Core/Src/fatfs_sd.o
 .debug_macro   0x000143da      0x1b2 ./Core/Src/fatfs_sd.o
 .debug_macro   0x0001458c       0x27 ./Core/Src/fatfs_sd.o
 .debug_macro   0x000145b3      0x136 ./Core/Src/fatfs_sd.o
 .debug_macro   0x000146e9      0x1bc ./Core/Src/fatfs_sd.o
 .debug_macro   0x000148a5       0x34 ./Core/Src/fatfs_sd.o
 .debug_macro   0x000148d9       0x3c ./Core/Src/fatfs_sd.o
 .debug_macro   0x00014915       0x57 ./Core/Src/fatfs_sd.o
 .debug_macro   0x0001496c       0x87 ./Core/Src/fatfs_sd.o
 .debug_macro   0x000149f3      0x240 ./Core/Src/fatfs_sd.o
 .debug_macro   0x00014c33      0x140 ./Core/Src/fatfs_sd.o
 .debug_macro   0x00014d73      0x217 ./Core/Src/fatfs_sd.o
 .debug_macro   0x00014f8a       0x83 ./Core/Src/fatfs_sd.o
 .debug_macro   0x0001500d       0x16 ./Core/Src/fatfs_sd.o
 .debug_macro   0x00015023       0x7c ./Core/Src/fatfs_sd.o
 .debug_macro   0x0001509f       0x9a ./Core/Src/fatfs_sd.o
 .debug_macro   0x00015139      0x1e5 ./Core/Src/main.o
 .debug_macro   0x0001531e       0xde ./Core/Src/main.o
 .debug_macro   0x000153fc       0xf5 ./Core/Src/main.o
 .debug_macro   0x000154f1       0x8e ./Core/Src/main.o
 .debug_macro   0x0001557f      0x198 ./Core/Src/stm32f1xx_hal_msp.o
 .debug_macro   0x00015717      0x1a2 ./Core/Src/stm32f1xx_it.o
 .debug_macro   0x000158b9      0x18e ./Core/Src/system_stm32f1xx.o
 .debug_macro   0x00015a47      0x1b2 ./Drivers/STM32F1xx_HAL_Driver/Src/stm32f1xx_hal.o
 .debug_macro   0x00015bf9      0x18e ./Drivers/STM32F1xx_HAL_Driver/Src/stm32f1xx_hal_cortex.o
 .debug_macro   0x00015d87      0x1f9 ./Drivers/STM32F1xx_HAL_Driver/Src/stm32f1xx_hal_gpio.o
 .debug_macro   0x00015f80      0x1a0 ./Drivers/STM32F1xx_HAL_Driver/Src/stm32f1xx_hal_rcc.o
 .debug_macro   0x00016120      0x196 ./Drivers/STM32F1xx_HAL_Driver/Src/stm32f1xx_hal_spi.o
 .debug_macro   0x000162b6      0x1eb ./FATFS/App/fatfs.o
 .debug_macro   0x000164a1       0xd8 ./FATFS/App/fatfs.o
 .debug_macro   0x00016579      0x2a0 ./FATFS/Target/user_diskio.o
 .debug_macro   0x00016819       0x10 ./FATFS/Target/user_diskio.o
 .debug_macro   0x00016829       0x20 ./FATFS/Target/user_diskio.o
 .debug_macro   0x00016849       0x56 ./FATFS/Target/user_diskio.o
 .debug_macro   0x0001689f      0x1d8 ./Middlewares/Third_Party/FatFs/src/diskio.o
 .debug_macro   0x00016a77      0x41f ./Middlewares/Third_Party/FatFs/src/ff.o
 .debug_macro   0x00016e96       0x58 ./Middlewares/Third_Party/FatFs/src/ff.o
 .debug_macro   0x00016eee      0x1d8 ./Middlewares/Third_Party/FatFs/src/ff_gen_drv.o
 .debug_macro   0x000170c6      0x1c6 ./Middlewares/Third_Party/FatFs/src/option/ccsbcs.o

.debug_line     0x00000000     0xd5e2
 .debug_line    0x00000000      0xde5 ./Core/Src/fatfs_sd.o
 .debug_line    0x00000de5      0x8b9 ./Core/Src/main.o
 .debug_line    0x0000169e      0x726 ./Core/Src/stm32f1xx_hal_msp.o
 .debug_line    0x00001dc4      0x7a7 ./Core/Src/stm32f1xx_it.o
 .debug_line    0x0000256b      0x751 ./Core/Src/system_stm32f1xx.o
 .debug_line    0x00002cbc       0x78 ./Core/Startup/startup_stm32f103c8tx.o
 .debug_line    0x00002d34      0x97e ./Drivers/STM32F1xx_HAL_Driver/Src/stm32f1xx_hal.o
 .debug_line    0x000036b2      0xb6a ./Drivers/STM32F1xx_HAL_Driver/Src/stm32f1xx_hal_cortex.o
 .debug_line    0x0000421c      0xa17 ./Drivers/STM32F1xx_HAL_Driver/Src/stm32f1xx_hal_gpio.o
 .debug_line    0x00004c33      0xd87 ./Drivers/STM32F1xx_HAL_Driver/Src/stm32f1xx_hal_rcc.o
 .debug_line    0x000059ba     0x1c30 ./Drivers/STM32F1xx_HAL_Driver/Src/stm32f1xx_hal_spi.o
 .debug_line    0x000075ea      0x76e ./FATFS/App/fatfs.o
 .debug_line    0x00007d58      0x8f5 ./FATFS/Target/user_diskio.o
 .debug_line    0x0000864d      0x7df ./Middlewares/Third_Party/FatFs/src/diskio.o
 .debug_line    0x00008e2c     0x37da ./Middlewares/Third_Party/FatFs/src/ff.o
 .debug_line    0x0000c606      0x7fc ./Middlewares/Third_Party/FatFs/src/ff_gen_drv.o
 .debug_line    0x0000ce02      0x7e0 ./Middlewares/Third_Party/FatFs/src/option/ccsbcs.o

.debug_str      0x00000000    0x82571
 .debug_str     0x00000000    0x7c5f5 ./Core/Src/fatfs_sd.o
                              0x7c9b4 (size before relaxing)
 .debug_str     0x0007c5f5      0xa80 ./Core/Src/main.o
                              0x7d0ed (size before relaxing)
 .debug_str     0x0007d075       0x91 ./Core/Src/stm32f1xx_hal_msp.o
                              0x7c561 (size before relaxing)
 .debug_str     0x0007d106       0xc9 ./Core/Src/stm32f1xx_it.o
                              0x7c13d (size before relaxing)
 .debug_str     0x0007d1cf       0x7e ./Core/Src/system_stm32f1xx.o
                              0x7c131 (size before relaxing)
 .debug_str     0x0007d24d       0x44 ./Core/Startup/startup_stm32f103c8tx.o
                                 0x88 (size before relaxing)
 .debug_str     0x0007d291      0x5fd ./Drivers/STM32F1xx_HAL_Driver/Src/stm32f1xx_hal.o
                              0x7c864 (size before relaxing)
 .debug_str     0x0007d88e      0x2bb ./Drivers/STM32F1xx_HAL_Driver/Src/stm32f1xx_hal_cortex.o
                              0x7c7b0 (size before relaxing)
 .debug_str     0x0007db49      0x2d3 ./Drivers/STM32F1xx_HAL_Driver/Src/stm32f1xx_hal_gpio.o
                              0x7c4b7 (size before relaxing)
 .debug_str     0x0007de1c      0x229 ./Drivers/STM32F1xx_HAL_Driver/Src/stm32f1xx_hal_rcc.o
                              0x7c560 (size before relaxing)
 .debug_str     0x0007e045      0x543 ./Drivers/STM32F1xx_HAL_Driver/Src/stm32f1xx_hal_spi.o
                              0x7ca5d (size before relaxing)
 .debug_str     0x0007e588       0x74 ./FATFS/App/fatfs.o
                              0x7c9c4 (size before relaxing)
 .debug_str     0x0007e5fc     0x3194 ./FATFS/Target/user_diskio.o
                              0x7fa6c (size before relaxing)
 .debug_str     0x00081790       0x52 ./Middlewares/Third_Party/FatFs/src/diskio.o
                              0x7c8ea (size before relaxing)
 .debug_str     0x000817e2      0xcab ./Middlewares/Third_Party/FatFs/src/ff.o
                              0x7d7a8 (size before relaxing)
 .debug_str     0x0008248d       0x91 ./Middlewares/Third_Party/FatFs/src/ff_gen_drv.o
                              0x7c93b (size before relaxing)
 .debug_str     0x0008251e       0x53 ./Middlewares/Third_Party/FatFs/src/option/ccsbcs.o
                              0x7c6c9 (size before relaxing)

.comment        0x00000000       0x43
 .comment       0x00000000       0x43 ./Core/Src/fatfs_sd.o
                                 0x44 (size before relaxing)
 .comment       0x00000043       0x44 ./Core/Src/main.o
 .comment       0x00000043       0x44 ./Core/Src/stm32f1xx_hal_msp.o
 .comment       0x00000043       0x44 ./Core/Src/stm32f1xx_it.o
 .comment       0x00000043       0x44 ./Core/Src/system_stm32f1xx.o
 .comment       0x00000043       0x44 ./Drivers/STM32F1xx_HAL_Driver/Src/stm32f1xx_hal.o
 .comment       0x00000043       0x44 ./Drivers/STM32F1xx_HAL_Driver/Src/stm32f1xx_hal_cortex.o
 .comment       0x00000043       0x44 ./Drivers/STM32F1xx_HAL_Driver/Src/stm32f1xx_hal_gpio.o
 .comment       0x00000043       0x44 ./Drivers/STM32F1xx_HAL_Driver/Src/stm32f1xx_hal_rcc.o
 .comment       0x00000043       0x44 ./Drivers/STM32F1xx_HAL_Driver/Src/stm32f1xx_hal_spi.o
 .comment       0x00000043       0x44 ./FATFS/App/fatfs.o
 .comment       0x00000043       0x44 ./FATFS/Target/user_diskio.o
 .comment       0x00000043       0x44 ./Middlewares/Third_Party/FatFs/src/diskio.o
 .comment       0x00000043       0x44 ./Middlewares/Third_Party/FatFs/src/ff.o
 .comment       0x00000043       0x44 ./Middlewares/Third_Party/FatFs/src/ff_gen_drv.o
 .comment       0x00000043       0x44 ./Middlewares/Third_Party/FatFs/src/option/ccsbcs.o

.debug_frame    0x00000000     0x253c
 .debug_frame   0x00000000      0x28c ./Core/Src/fatfs_sd.o
 .debug_frame   0x0000028c       0xd4 ./Core/Src/main.o
 .debug_frame   0x00000360       0x80 ./Core/Src/stm32f1xx_hal_msp.o
 .debug_frame   0x000003e0      0x104 ./Core/Src/stm32f1xx_it.o
 .debug_frame   0x000004e4       0x58 ./Core/Src/system_stm32f1xx.o
 .debug_frame   0x0000053c      0x334 ./Drivers/STM32F1xx_HAL_Driver/Src/stm32f1xx_hal.o
 .debug_frame   0x00000870      0x428 ./Drivers/STM32F1xx_HAL_Driver/Src/stm32f1xx_hal_cortex.o
 .debug_frame   0x00000c98      0x14c ./Drivers/STM32F1xx_HAL_Driver/Src/stm32f1xx_hal_gpio.o
 .debug_frame   0x00000de4      0x218 ./Drivers/STM32F1xx_HAL_Driver/Src/stm32f1xx_hal_rcc.o
 .debug_frame   0x00000ffc      0x824 ./Drivers/STM32F1xx_HAL_Driver/Src/stm32f1xx_hal_spi.o
 .debug_frame   0x00001820       0x4c ./FATFS/App/fatfs.o
 .debug_frame   0x0000186c       0xc4 ./FATFS/Target/user_diskio.o
 .debug_frame   0x00001930       0xec ./Middlewares/Third_Party/FatFs/src/diskio.o
 .debug_frame   0x00001a1c      0x9ac ./Middlewares/Third_Party/FatFs/src/ff.o
 .debug_frame   0x000023c8       0xc8 ./Middlewares/Third_Party/FatFs/src/ff_gen_drv.o
 .debug_frame   0x00002490       0x60 ./Middlewares/Third_Party/FatFs/src/option/ccsbcs.o
 .debug_frame   0x000024f0       0x20 C:/ST/STM32CubeIDE_1.15.1/STM32CubeIDE/plugins/com.st.stm32cube.ide.mcu.externaltools.gnu-tools-for-stm32.12.3.rel1.win32_1.0.100.202403111256/tools/bin/../lib/gcc/arm-none-eabi/12.3.1/../../../../arm-none-eabi/lib/thumb/v7-m/nofp\libc_nano.a(libc_a-memset.o)
 .debug_frame   0x00002510       0x2c C:/ST/STM32CubeIDE_1.15.1/STM32CubeIDE/plugins/com.st.stm32cube.ide.mcu.externaltools.gnu-tools-for-stm32.12.3.rel1.win32_1.0.100.202403111256/tools/bin/../lib/gcc/arm-none-eabi/12.3.1/../../../../arm-none-eabi/lib/thumb/v7-m/nofp\libc_nano.a(libc_a-init.o)

.debug_line_str
                0x00000000       0x6c
 .debug_line_str
                0x00000000       0x6c ./Core/Startup/startup_stm32f103c8tx.o
