Archive member included to satisfy reference by file (symbol)

C:/ST/STM32CubeIDE_1.15.1/STM32CubeIDE/plugins/com.st.stm32cube.ide.mcu.externaltools.gnu-tools-for-stm32.12.3.rel1.win32_1.0.100.202403111256/tools/bin/../lib/gcc/arm-none-eabi/12.3.1/../../../../arm-none-eabi/lib/thumb/v7-m/nofp\libc_nano.a(libc_a-exit.o)
                              C:/ST/STM32CubeIDE_1.15.1/STM32CubeIDE/plugins/com.st.stm32cube.ide.mcu.externaltools.gnu-tools-for-stm32.12.3.rel1.win32_1.0.100.202403111256/tools/bin/../lib/gcc/arm-none-eabi/12.3.1/../../../../arm-none-eabi/lib/thumb/v7-m/nofp/crt0.o (exit)
C:/ST/STM32CubeIDE_1.15.1/STM32CubeIDE/plugins/com.st.stm32cube.ide.mcu.externaltools.gnu-tools-for-stm32.12.3.rel1.win32_1.0.100.202403111256/tools/bin/../lib/gcc/arm-none-eabi/12.3.1/../../../../arm-none-eabi/lib/thumb/v7-m/nofp\libc_nano.a(libc_a-findfp.o)
                              C:/ST/STM32CubeIDE_1.15.1/STM32CubeIDE/plugins/com.st.stm32cube.ide.mcu.externaltools.gnu-tools-for-stm32.12.3.rel1.win32_1.0.100.202403111256/tools/bin/../lib/gcc/arm-none-eabi/12.3.1/../../../../arm-none-eabi/lib/thumb/v7-m/nofp\libc_nano.a(libc_a-exit.o) (__stdio_exit_handler)
C:/ST/STM32CubeIDE_1.15.1/STM32CubeIDE/plugins/com.st.stm32cube.ide.mcu.externaltools.gnu-tools-for-stm32.12.3.rel1.win32_1.0.100.202403111256/tools/bin/../lib/gcc/arm-none-eabi/12.3.1/../../../../arm-none-eabi/lib/thumb/v7-m/nofp\libc_nano.a(libc_a-fwalk.o)
                              C:/ST/STM32CubeIDE_1.15.1/STM32CubeIDE/plugins/com.st.stm32cube.ide.mcu.externaltools.gnu-tools-for-stm32.12.3.rel1.win32_1.0.100.202403111256/tools/bin/../lib/gcc/arm-none-eabi/12.3.1/../../../../arm-none-eabi/lib/thumb/v7-m/nofp\libc_nano.a(libc_a-findfp.o) (_fwalk_sglue)
C:/ST/STM32CubeIDE_1.15.1/STM32CubeIDE/plugins/com.st.stm32cube.ide.mcu.externaltools.gnu-tools-for-stm32.12.3.rel1.win32_1.0.100.202403111256/tools/bin/../lib/gcc/arm-none-eabi/12.3.1/../../../../arm-none-eabi/lib/thumb/v7-m/nofp\libc_nano.a(libc_a-snprintf.o)
                              ./Core/Src/main.o (snprintf)
C:/ST/STM32CubeIDE_1.15.1/STM32CubeIDE/plugins/com.st.stm32cube.ide.mcu.externaltools.gnu-tools-for-stm32.12.3.rel1.win32_1.0.100.202403111256/tools/bin/../lib/gcc/arm-none-eabi/12.3.1/../../../../arm-none-eabi/lib/thumb/v7-m/nofp\libc_nano.a(libc_a-stdio.o)
                              C:/ST/STM32CubeIDE_1.15.1/STM32CubeIDE/plugins/com.st.stm32cube.ide.mcu.externaltools.gnu-tools-for-stm32.12.3.rel1.win32_1.0.100.202403111256/tools/bin/../lib/gcc/arm-none-eabi/12.3.1/../../../../arm-none-eabi/lib/thumb/v7-m/nofp\libc_nano.a(libc_a-findfp.o) (__sread)
C:/ST/STM32CubeIDE_1.15.1/STM32CubeIDE/plugins/com.st.stm32cube.ide.mcu.externaltools.gnu-tools-for-stm32.12.3.rel1.win32_1.0.100.202403111256/tools/bin/../lib/gcc/arm-none-eabi/12.3.1/../../../../arm-none-eabi/lib/thumb/v7-m/nofp\libc_nano.a(libc_a-memset.o)
                              C:/ST/STM32CubeIDE_1.15.1/STM32CubeIDE/plugins/com.st.stm32cube.ide.mcu.externaltools.gnu-tools-for-stm32.12.3.rel1.win32_1.0.100.202403111256/tools/bin/../lib/gcc/arm-none-eabi/12.3.1/../../../../arm-none-eabi/lib/thumb/v7-m/nofp/crt0.o (memset)
C:/ST/STM32CubeIDE_1.15.1/STM32CubeIDE/plugins/com.st.stm32cube.ide.mcu.externaltools.gnu-tools-for-stm32.12.3.rel1.win32_1.0.100.202403111256/tools/bin/../lib/gcc/arm-none-eabi/12.3.1/../../../../arm-none-eabi/lib/thumb/v7-m/nofp\libc_nano.a(libc_a-closer.o)
                              C:/ST/STM32CubeIDE_1.15.1/STM32CubeIDE/plugins/com.st.stm32cube.ide.mcu.externaltools.gnu-tools-for-stm32.12.3.rel1.win32_1.0.100.202403111256/tools/bin/../lib/gcc/arm-none-eabi/12.3.1/../../../../arm-none-eabi/lib/thumb/v7-m/nofp\libc_nano.a(libc_a-stdio.o) (_close_r)
C:/ST/STM32CubeIDE_1.15.1/STM32CubeIDE/plugins/com.st.stm32cube.ide.mcu.externaltools.gnu-tools-for-stm32.12.3.rel1.win32_1.0.100.202403111256/tools/bin/../lib/gcc/arm-none-eabi/12.3.1/../../../../arm-none-eabi/lib/thumb/v7-m/nofp\libc_nano.a(libc_a-reent.o)
                              C:/ST/STM32CubeIDE_1.15.1/STM32CubeIDE/plugins/com.st.stm32cube.ide.mcu.externaltools.gnu-tools-for-stm32.12.3.rel1.win32_1.0.100.202403111256/tools/bin/../lib/gcc/arm-none-eabi/12.3.1/../../../../arm-none-eabi/lib/thumb/v7-m/nofp\libc_nano.a(libc_a-closer.o) (errno)
C:/ST/STM32CubeIDE_1.15.1/STM32CubeIDE/plugins/com.st.stm32cube.ide.mcu.externaltools.gnu-tools-for-stm32.12.3.rel1.win32_1.0.100.202403111256/tools/bin/../lib/gcc/arm-none-eabi/12.3.1/../../../../arm-none-eabi/lib/thumb/v7-m/nofp\libc_nano.a(libc_a-impure.o)
                              C:/ST/STM32CubeIDE_1.15.1/STM32CubeIDE/plugins/com.st.stm32cube.ide.mcu.externaltools.gnu-tools-for-stm32.12.3.rel1.win32_1.0.100.202403111256/tools/bin/../lib/gcc/arm-none-eabi/12.3.1/../../../../arm-none-eabi/lib/thumb/v7-m/nofp\libc_nano.a(libc_a-snprintf.o) (_impure_ptr)
[...]
Memory Configuration

Name             Origin             Length             Attributes
RAM              0x20000000         0x00005000         xrw
FLASH            0x08000000         0x00010000         xr
*default*        0x00000000         0xffffffff

Linker script and memory map

LOAD C:/ST/STM32CubeIDE_1.15.1/STM32CubeIDE/plugins/com.st.stm32cube.ide.mcu.externaltools.gnu-tools-for-stm32.12.3.rel1.win32_1.0.100.202403111256/tools/bin/../lib/gcc/arm-none-eabi/12.3.1/thumb/v7-m/nofp/crti.o
LOAD C:/ST/STM32CubeIDE_1.15.1/STM32CubeIDE/plugins/com.st.stm32cube.ide.mcu.externaltools.gnu-tools-for-stm32.12.3.rel1.win32_1.0.100.202403111256/tools/bin/../lib/gcc/arm-none-eabi/12.3.1/thumb/v7-m/nofp/crtbegin.o
LOAD C:/ST/STM32CubeIDE_1.15.1/STM32CubeIDE/plugins/com.st.stm32cube.ide.mcu.externaltools.gnu-tools-for-stm32.12.3.rel1.win32_1.0.100.202403111256/tools/bin/../lib/gcc/arm-none-eabi/12.3.1/../../../../arm-none-eabi/lib/thumb/v7-m/nofp/crt0.o
LOAD ./Core/Src/fatfs_sd.o
LOAD ./Core/Src/main.o
LOAD ./Core/Src/stm32f1xx_hal_msp.o
LOAD ./Core/Src/stm32f1xx_it.o
LOAD ./Core/Src/syscalls.o
LOAD ./Core/Src/sysmem.o
LOAD ./Core/Src/system_stm32f1xx.o
LOAD ./Core/Startup/startup_stm32f103c8tx.o
LOAD ./Drivers/STM32F1xx_HAL_Driver/Src/stm32f1xx_hal.o
LOAD ./Drivers/STM32F1xx_HAL_Driver/Src/stm32f1xx_hal_cortex.o
LOAD ./Drivers/STM32F1xx_HAL_Driver/Src/stm32f1xx_hal_dma.o
LOAD ./Drivers/STM32F1xx_HAL_Driver/Src/stm32f1xx_hal_exti.o
LOAD ./Drivers/STM32F1xx_HAL_Driver/Src/stm32f1xx_hal_flash.o
LOAD ./Drivers/STM32F1xx_HAL_Driver/Src/stm32f1xx_hal_flash_ex.o
LOAD ./Drivers/STM32F1xx_HAL_Driver/Src/stm32f1xx_hal_gpio.o
LOAD ./Drivers/STM32F1xx_HAL_Driver/Src/stm32f1xx_hal_gpio_ex.o
LOAD ./Drivers/STM32F1xx_HAL_Driver/Src/stm32f1xx_hal_pwr.o
LOAD ./Drivers/STM32F1xx_HAL_Driver/Src/stm32f1xx_hal_rcc.o
LOAD ./Drivers/STM32F1xx_HAL_Driver/Src/stm32f1xx_hal_rcc_ex.o
LOAD ./Drivers/STM32F1xx_HAL_Driver/Src/stm32f1xx_hal_spi.o
LOAD ./Drivers/STM32F1xx_HAL_Driver/Src/stm32f1xx_hal_tim.o
LOAD ./Drivers/STM32F1xx_HAL_Driver/Src/stm32f1xx_hal_tim_ex.o
LOAD ./FATFS/App/fatfs.o
LOAD ./FATFS/Target/user_diskio.o
LOAD ./Middlewares/Third_Party/FatFs/src/diskio.o
LOAD ./Middlewares/Third_Party/FatFs/src/ff.o
LOAD ./Middlewares/Third_Party/FatFs/src/ff_gen_drv.o
LOAD ./Middlewares/Third_Party/FatFs/src/option/ccsbcs.o
LOAD ./Middlewares/Third_Party/FatFs/src/option/syscall.o
START GROUP
LOAD C:/ST/STM32CubeIDE_1.15.1/STM32CubeIDE/plugins/com.st.stm32cube.ide.mcu.externaltools.gnu-tools-for-stm32.12.3.rel1.win32_1.0.100.202403111256/tools/bin/../lib/gcc/arm-none-eabi/12.3.1/../../../../arm-none-eabi/lib/thumb/v7-m/nofp\libc_nano.a
LOAD C:/ST/STM32CubeIDE_1.15.1/STM32CubeIDE/plugins/com.st.stm32cube.ide.mcu.externaltools.gnu-tools-for-stm32.12.3.rel1.win32_1.0.100.202403111256/tools/bin/../lib/gcc/arm-none-eabi/12.3.1/../../../../arm-none-eabi/lib/thumb/v7-m/nofp\libm.a
END GROUP
START GROUP
LOAD C:/ST/STM32CubeIDE_1.15.1/STM32CubeIDE/plugins/com.st.stm32cube.ide.mcu.externaltools.gnu-tools-for-stm32.12.3.rel1.win32_1.0.100.202403111256/tools/bin/../lib/gcc/arm-none-eabi/12.3.1/thumb/v7-m/nofp\libgcc.a
LOAD C:/ST/STM32CubeIDE_1.15.1/STM32CubeIDE/plugins/com.st.stm32cube.ide.mcu.externaltools.gnu-tools-for-stm32.12.3.rel1.win32_1.0.100.202403111256/tools/bin/../lib/gcc/arm-none-eabi/12.3.1/../../../../arm-none-eabi/lib/thumb/v7-m/nofp\libc_nano.a
END GROUP
START GROUP
LOAD C:/ST/STM32CubeIDE_1.15.1/STM32CubeIDE/plugins/com.st.stm32cube.ide.mcu.externaltools.gnu-tools-for-stm32.12.3.rel1.win32_1.0.100.202403111256/tools/bin/../lib/gcc/arm-none-eabi/12.3.1/thumb/v7-m/nofp\libgcc.a
LOAD C:/ST/STM32CubeIDE_1.15.1/STM32CubeIDE/plugins/com.st.stm32cube.ide.mcu.externaltools.gnu-tools-for-stm32.12.3.rel1.win32_1.0.100.202403111256/tools/bin/../lib/gcc/arm-none-eabi/12.3.1/../../../../arm-none-eabi/lib/thumb/v7-m/nofp\libc_nano.a
LOAD C:/ST/STM32CubeIDE_1.15.1/STM32CubeIDE/plugins/com.st.stm32cube.ide.mcu.externaltools.gnu-tools-for-stm32.12.3.rel1.win32_1.0.100.202403111256/tools/bin/../lib/gcc/arm-none-eabi/12.3.1/../../../../arm-none-eabi/lib/thumb/v7-m/nofp\libnosys.a
END GROUP
START GROUP
LOAD C:/ST/STM32CubeIDE_1.15.1/STM32CubeIDE/plugins/com.st.stm32cube.ide.mcu.externaltools.gnu-tools-for-stm32.12.3.rel1.win32_1.0.100.202403111256/tools/bin/../lib/gcc/arm-none-eabi/12.3.1/thumb/v7-m/nofp\libgcc.a
LOAD C:/ST/STM32CubeIDE_1.15.1/STM32CubeIDE/plugins/com.st.stm32cube.ide.mcu.externaltools.gnu-tools-for-stm32.12.3.rel1.win32_1.0.100.202403111256/tools/bin/../lib/gcc/arm-none-eabi/12.3.1/../../../../arm-none-eabi/lib/thumb/v7-m/nofp\libc_nano.a
LOAD C:/ST/STM32CubeIDE_1.15.1/STM32CubeIDE/plugins/com.st.stm32cube.ide.mcu.externaltools.gnu-tools-for-stm32.12.3.rel1.win32_1.0.100.202403111256/tools/bin/../lib/gcc/arm-none-eabi/12.3.1/../../../../arm-none-eabi/lib/thumb/v7-m/nofp\libnosys.a
END GROUP
LOAD C:/ST/STM32CubeIDE_1.15.1/STM32CubeIDE/plugins/com.st.stm32cube.ide.mcu.externaltools.gnu-tools-for-stm32.12.3.rel1.win32_1.0.100.202403111256/tools/bin/../lib/gcc/arm-none-eabi/12.3.1/thumb/v7-m/nofp/crtend.o
LOAD C:/ST/STM32CubeIDE_1.15.1/STM32CubeIDE/plugins/com.st.stm32cube.ide.mcu.externaltools.gnu-tools-for-stm32.12.3.rel1.win32_1.0.100.202403111256/tools/bin/../lib/gcc/arm-none-eabi/12.3.1/thumb/v7-m/nofp/crtn.o
                0x20005000                        _estack = (ORIGIN (RAM) + LENGTH (RAM))
                0x00000200                        _Min_Heap_Size = 0x200
                0x00000400                        _Min_Stack_Size = 0x400

.isr_vector     0x08000000      0x10c
                0x08000000                        . = ALIGN (0x4)
 *(.isr_vector)
 .isr_vector    0x08000000      0x10c ./Core/Startup/startup_stm32f103c8tx.o
                0x08000000                g_pfnVectors
                0x0800010c                        . = ALIGN (0x4)

.text           0x0800010c     0x6e94
                0x0800010c                        . = ALIGN (0x4)
 *(.text)
 .text          0x0800010c       0x40 C:/ST/STM32CubeIDE_1.15.1/STM32CubeIDE/plugins/com.st.stm32cube.ide.mcu.externaltools.gnu-tools-for-stm32.12.3.rel1.win32_1.0.100.202403111256/tools/bin/../lib/gcc/arm-none-eabi/12.3.1/thumb/v7-m/nofp/crtbegin.o
 *(.text*)
 .text.SELECT   0x0800014c       0x1c ./Core/Src/fatfs_sd.o
 .text.DESELECT
                0x08000168       0x1c ./Core/Src/fatfs_sd.o
 .text.SPI_TxByte
                0x08000184       0x34 ./Core/Src/fatfs_sd.o
 .text.SPI_TxBuffer
                0x080001b8       0x34 ./Core/Src/fatfs_sd.o
 .text.SPI_RxByte
                0x080001ec       0x38 ./Core/Src/fatfs_sd.o
 .text.SPI_RxBytePtr
                0x08000224       0x1c ./Core/Src/fatfs_sd.o
 .text.SD_ReadyWait
                0x08000240       0x34 ./Core/Src/fatfs_sd.o
 .text.SD_PowerOn
                0x08000274       0x84 ./Core/Src/fatfs_sd.o
 .text.SD_PowerOff
                0x080002f8       0x18 ./Core/Src/fatfs_sd.o
 .text.SD_CheckPower
                0x08000310       0x14 ./Core/Src/fatfs_sd.o
 .text.SD_RxDataBlock
                0x08000324       0x5c ./Core/Src/fatfs_sd.o
 .text.SD_TxDataBlock
                0x08000380       0x86 ./Core/Src/fatfs_sd.o
 .text.SD_SendCmd
                0x08000406       0xa8 ./Core/Src/fatfs_sd.o
 *fill*         0x080004ae        0x2 
 .text.SD_disk_initialize
                0x080004b0      0x1cc ./Core/Src/fatfs_sd.o
                0x080004b0                SD_disk_initialize
 .text.SD_disk_status
                0x0800067c       0x28 ./Core/Src/fatfs_sd.o
                0x0800067c                SD_disk_status
 .text.SD_disk_read
                0x080006a4       0xd4 ./Core/Src/fatfs_sd.o
                0x080006a4                SD_disk_read
 .text.SD_disk_write
                0x08000778      0x108 ./Core/Src/fatfs_sd.o
                0x08000778                SD_disk_write
 .text.SD_disk_ioctl
                0x08000880      0x254 ./Core/Src/fatfs_sd.o
                0x08000880                SD_disk_ioctl
 .text.main     0x08000ad4      0x10c ./Core/Src/main.o
                0x08000ad4                main
 .text.save_sd  0x08000be0       0xf0 ./Core/Src/main.o
                0x08000be0                save_sd
 .text.SystemClock_Config
                0x08000cd0       0x76 ./Core/Src/main.o
                0x08000cd0                SystemClock_Config
 *fill*         0x08000d46        0x2 
 .text.MX_SPI1_Init
                0x08000d48       0x6c ./Core/Src/main.o
 .text.MX_GPIO_Init
                0x08000db4       0xa8 ./Core/Src/main.o
 .text.Error_Handler
                0x08000e5c        0xc ./Core/Src/main.o
                0x08000e5c                Error_Handler
 .text.HAL_MspInit
                0x08000e68       0x64 ./Core/Src/stm32f1xx_hal_msp.o
                0x08000e68                HAL_MspInit
 .text.HAL_SPI_MspInit
                0x08000ecc       0x94 ./Core/Src/stm32f1xx_hal_msp.o
                0x08000ecc                HAL_SPI_MspInit
 .text.NMI_Handler
                0x08000f60        0x8 ./Core/Src/stm32f1xx_it.o
                0x08000f60                NMI_Handler
 .text.HardFault_Handler
                0x08000f68        0x8 ./Core/Src/stm32f1xx_it.o
                0x08000f68                HardFault_Handler
 .text.MemManage_Handler
                0x08000f70        0x8 ./Core/Src/stm32f1xx_it.o
                0x08000f70                MemManage_Handler
 .text.BusFault_Handler
                0x08000f78        0x8 ./Core/Src/stm32f1xx_it.o
                0x08000f78                BusFault_Handler
 .text.UsageFault_Handler
                0x08000f80        0x8 ./Core/Src/stm32f1xx_it.o
                0x08000f80                UsageFault_Handler
 .text.SVC_Handler
                0x08000f88        0xc ./Core/Src/stm32f1xx_it.o
                0x08000f88                SVC_Handler
 .text.DebugMon_Handler
                0x08000f94        0xc ./Core/Src/stm32f1xx_it.o
                0x08000f94                DebugMon_Handler
 .text.PendSV_Handler
                0x08000fa0        0xc ./Core/Src/stm32f1xx_it.o
                0x08000fa0                PendSV_Handler
 .text.SysTick_Handler
                0x08000fac       0x3c ./Core/Src/stm32f1xx_it.o
                0x08000fac                SysTick_Handler
 .text._sbrk    0x08000fe8       0x6c ./Core/Src/sysmem.o
                0x08000fe8                _sbrk
 .text.SystemInit
                0x08001054        0xc ./Core/Src/system_stm32f1xx.o
                0x08001054                SystemInit
 .text.Reset_Handler
                0x08001060       0x48 ./Core/Startup/startup_stm32f103c8tx.o
                0x08001060                Reset_Handler
 .text.Default_Handler
                0x080010a8        0x2 ./Core/Startup/startup_stm32f103c8tx.o
                0x080010a8                RTC_Alarm_IRQHandler
                0x080010a8                EXTI2_IRQHandler
                0x080010a8                TIM1_CC_IRQHandler
                0x080010a8                PVD_IRQHandler
                0x080010a8                EXTI3_IRQHandler
                0x080010a8                EXTI0_IRQHandler
                0x080010a8                I2C2_EV_IRQHandler
                0x080010a8                ADC1_2_IRQHandler
                0x080010a8                SPI1_IRQHandler
                0x080010a8                TAMPER_IRQHandler
                0x080010a8                DMA1_Channel4_IRQHandler
                0x080010a8                USART3_IRQHandler
                0x080010a8                RTC_IRQHandler
                0x080010a8                DMA1_Channel7_IRQHandler
                0x080010a8                CAN1_RX1_IRQHandler
                0x080010a8                TIM4_IRQHandler
                0x080010a8                I2C1_EV_IRQHandler
                0x080010a8                DMA1_Channel6_IRQHandler
                0x080010a8                TIM3_IRQHandler
                0x080010a8                RCC_IRQHandler
                0x080010a8                TIM1_TRG_COM_IRQHandler
                0x080010a8                DMA1_Channel1_IRQHandler
                0x080010a8                Default_Handler
                0x080010a8                EXTI15_10_IRQHandler
                0x080010a8                EXTI9_5_IRQHandler
                0x080010a8                SPI2_IRQHandler
                0x080010a8                DMA1_Channel5_IRQHandler
                0x080010a8                EXTI4_IRQHandler
                0x080010a8                USB_LP_CAN1_RX0_IRQHandler
                0x080010a8                USB_HP_CAN1_TX_IRQHandler
                0x080010a8                DMA1_Channel3_IRQHandler
                0x080010a8                TIM1_UP_IRQHandler
                0x080010a8                WWDG_IRQHandler
                0x080010a8                TIM2_IRQHandler
                0x080010a8                TIM1_BRK_IRQHandler
                0x080010a8                EXTI1_IRQHandler
                0x080010a8                USART2_IRQHandler
                0x080010a8                I2C2_ER_IRQHandler
                0x080010a8                DMA1_Channel2_IRQHandler
                0x080010a8                CAN1_SCE_IRQHandler
                0x080010a8                FLASH_IRQHandler
                0x080010a8                USART1_IRQHandler
                0x080010a8                I2C1_ER_IRQHandler
                0x080010a8                USBWakeUp_IRQHandler
 *fill*         0x080010aa        0x2 
 .text.HAL_Init
                0x080010ac       0x2c ./Drivers/STM32F1xx_HAL_Driver/Src/stm32f1xx_hal.o
                0x080010ac                HAL_Init
 .text.HAL_InitTick
                0x080010d8       0x60 ./Drivers/STM32F1xx_HAL_Driver/Src/stm32f1xx_hal.o
                0x080010d8                HAL_InitTick
 .text.HAL_IncTick
                0x08001138       0x24 ./Drivers/STM32F1xx_HAL_Driver/Src/stm32f1xx_hal.o
                0x08001138                HAL_IncTick
 .text.HAL_GetTick
                0x0800115c       0x14 ./Drivers/STM32F1xx_HAL_Driver/Src/stm32f1xx_hal.o
                0x0800115c                HAL_GetTick
 .text.HAL_Delay
                0x08001170       0x48 ./Drivers/STM32F1xx_HAL_Driver/Src/stm32f1xx_hal.o
                0x08001170                HAL_Delay
 .text.__NVIC_SetPriorityGrouping
                0x080011b8       0x48 ./Drivers/STM32F1xx_HAL_Driver/Src/stm32f1xx_hal_cortex.o
 .text.__NVIC_GetPriorityGrouping
                0x08001200       0x1c ./Drivers/STM32F1xx_HAL_Driver/Src/stm32f1xx_hal_cortex.o
 .text.__NVIC_SetPriority
                0x0800121c       0x54 ./Drivers/STM32F1xx_HAL_Driver/Src/stm32f1xx_hal_cortex.o
 .text.NVIC_EncodePriority
                0x08001270       0x64 ./Drivers/STM32F1xx_HAL_Driver/Src/stm32f1xx_hal_cortex.o
 .text.SysTick_Config
                0x080012d4       0x44 ./Drivers/STM32F1xx_HAL_Driver/Src/stm32f1xx_hal_cortex.o
 .text.HAL_NVIC_SetPriorityGrouping
                0x08001318       0x16 ./Drivers/STM32F1xx_HAL_Driver/Src/stm32f1xx_hal_cortex.o
                0x08001318                HAL_NVIC_SetPriorityGrouping
 .text.HAL_NVIC_SetPriority
                0x0800132e       0x38 ./Drivers/STM32F1xx_HAL_Driver/Src/stm32f1xx_hal_cortex.o
                0x0800132e                HAL_NVIC_SetPriority
 .text.HAL_SYSTICK_Config
                0x08001366       0x18 ./Drivers/STM32F1xx_HAL_Driver/Src/stm32f1xx_hal_cortex.o
                0x08001366                HAL_SYSTICK_Config
 *fill*         0x0800137e        0x2 
 .text.HAL_GPIO_Init
                0x08001380      0x308 ./Drivers/STM32F1xx_HAL_Driver/Src/stm32f1xx_hal_gpio.o
                0x08001380                HAL_GPIO_Init
 .text.HAL_GPIO_WritePin
                0x08001688       0x30 ./Drivers/STM32F1xx_HAL_Driver/Src/stm32f1xx_hal_gpio.o
                0x08001688                HAL_GPIO_WritePin
 .text.HAL_GPIO_TogglePin
                0x080016b8       0x32 ./Drivers/STM32F1xx_HAL_Driver/Src/stm32f1xx_hal_gpio.o
                0x080016b8                HAL_GPIO_TogglePin
 *fill*         0x080016ea        0x2 
 .text.HAL_RCC_OscConfig
                0x080016ec      0x504 ./Drivers/STM32F1xx_HAL_Driver/Src/stm32f1xx_hal_rcc.o
                0x080016ec                HAL_RCC_OscConfig
 .text.HAL_RCC_ClockConfig
                0x08001bf0      0x1d4 ./Drivers/STM32F1xx_HAL_Driver/Src/stm32f1xx_hal_rcc.o
                0x08001bf0                HAL_RCC_ClockConfig
 .text.HAL_RCC_GetSysClockFreq
                0x08001dc4       0xa8 ./Drivers/STM32F1xx_HAL_Driver/Src/stm32f1xx_hal_rcc.o
                0x08001dc4                HAL_RCC_GetSysClockFreq
 .text.RCC_Delay
                0x08001e6c       0x3c ./Drivers/STM32F1xx_HAL_Driver/Src/stm32f1xx_hal_rcc.o
 .text.HAL_SPI_Init
                0x08001ea8      0x108 ./Drivers/STM32F1xx_HAL_Driver/Src/stm32f1xx_hal_spi.o
                0x08001ea8                HAL_SPI_Init
 .text.HAL_SPI_Transmit
                0x08001fb0      0x286 ./Drivers/STM32F1xx_HAL_Driver/Src/stm32f1xx_hal_spi.o
                0x08001fb0                HAL_SPI_Transmit
 .text.HAL_SPI_TransmitReceive
                0x08002236      0x360 ./Drivers/STM32F1xx_HAL_Driver/Src/stm32f1xx_hal_spi.o
                0x08002236                HAL_SPI_TransmitReceive
 *fill*         0x08002596        0x2 
 .text.SPI_WaitFlagStateUntilTimeout
                0x08002598      0x110 ./Drivers/STM32F1xx_HAL_Driver/Src/stm32f1xx_hal_spi.o
 .text.SPI_EndRxTxTransaction
                0x080026a8       0x3c ./Drivers/STM32F1xx_HAL_Driver/Src/stm32f1xx_hal_spi.o
 .text.MX_FATFS_Init
                0x080026e4       0x24 ./FATFS/App/fatfs.o
                0x080026e4                MX_FATFS_Init
 .text.get_fattime
                0x08002708        0xe ./FATFS/App/fatfs.o
                0x08002708                get_fattime
 .text.USER_initialize
                0x08002716       0x1e ./FATFS/Target/user_diskio.o
                0x08002716                USER_initialize
 .text.USER_status
                0x08002734       0x1e ./FATFS/Target/user_diskio.o
                0x08002734                USER_status
 .text.USER_read
                0x08002752       0x28 ./FATFS/Target/user_diskio.o
                0x08002752                USER_read
 .text.USER_write
                0x0800277a       0x28 ./FATFS/Target/user_diskio.o
                0x0800277a                USER_write
 .text.USER_ioctl
                0x080027a2       0x28 ./FATFS/Target/user_diskio.o
                0x080027a2                USER_ioctl
 *fill*         0x080027ca        0x2 
 .text.disk_status
                0x080027cc       0x34 ./Middlewares/Third_Party/FatFs/src/diskio.o
                0x080027cc                disk_status
 .text.disk_initialize
                0x08002800       0x4c ./Middlewares/Third_Party/FatFs/src/diskio.o
                0x08002800                disk_initialize
 .text.disk_read
                0x0800284c       0x40 ./Middlewares/Third_Party/FatFs/src/diskio.o
                0x0800284c                disk_read
 .text.disk_write
                0x0800288c       0x40 ./Middlewares/Third_Party/FatFs/src/diskio.o
                0x0800288c                disk_write
 .text.disk_ioctl
                0x080028cc       0x3c ./Middlewares/Third_Party/FatFs/src/diskio.o
                0x080028cc                disk_ioctl
 .text.mem_cpy  0x08002908       0x3c ./Middlewares/Third_Party/FatFs/src/ff.o
 .text.mem_set  0x08002944       0x34 ./Middlewares/Third_Party/FatFs/src/ff.o
 .text.mem_cmp  0x08002978       0x4c ./Middlewares/Third_Party/FatFs/src/ff.o
 .text.chk_chr  0x080029c4       0x34 ./Middlewares/Third_Party/FatFs/src/ff.o
 .text.chk_lock
                0x080029f8       0xe0 ./Middlewares/Third_Party/FatFs/src/ff.o
 .text.enq_lock
                0x08002ad8       0x48 ./Middlewares/Third_Party/FatFs/src/ff.o
 .text.inc_lock
                0x08002b20      0x178 ./Middlewares/Third_Party/FatFs/src/ff.o
 .text.dec_lock
                0x08002c98       0x88 ./Middlewares/Third_Party/FatFs/src/ff.o
 .text.clear_lock
                0x08002d20       0x54 ./Middlewares/Third_Party/FatFs/src/ff.o
 .text.sync_window
                0x08002d74       0xa4 ./Middlewares/Third_Party/FatFs/src/ff.o
 .text.move_window
                0x08002e18       0x64 ./Middlewares/Third_Party/FatFs/src/ff.o
 .text.sync_fs  0x08002e7c      0x17e ./Middlewares/Third_Party/FatFs/src/ff.o
 .text.clust2sect
                0x08002ffa       0x48 ./Middlewares/Third_Party/FatFs/src/ff.o
                0x08002ffa                clust2sect
 .text.get_fat  0x08003042      0x1f6 ./Middlewares/Third_Party/FatFs/src/ff.o
                0x08003042                get_fat
 .text.put_fat  0x08003238      0x2a6 ./Middlewares/Third_Party/FatFs/src/ff.o
                0x08003238                put_fat
 .text.remove_chain
                0x080034de       0xc2 ./Middlewares/Third_Party/FatFs/src/ff.o
 .text.create_chain
                0x080035a0      0x150 ./Middlewares/Third_Party/FatFs/src/ff.o
 .text.clmt_clust
                0x080036f0       0x80 ./Middlewares/Third_Party/FatFs/src/ff.o
 .text.dir_sdi  0x08003770      0x19c ./Middlewares/Third_Party/FatFs/src/ff.o
 .text.dir_next
                0x0800390c      0x294 ./Middlewares/Third_Party/FatFs/src/ff.o
 .text.dir_alloc
                0x08003ba0       0x9c ./Middlewares/Third_Party/FatFs/src/ff.o
 .text.ld_clust
                0x08003c3c       0x5c ./Middlewares/Third_Party/FatFs/src/ff.o
 .text.st_clust
                0x08003c98       0x4c ./Middlewares/Third_Party/FatFs/src/ff.o
 .text.cmp_lfn  0x08003ce4       0xdc ./Middlewares/Third_Party/FatFs/src/ff.o
 .text.fit_lfn  0x08003dc0       0xe8 ./Middlewares/Third_Party/FatFs/src/ff.o
 .text.gen_numname
                0x08003ea8      0x11c ./Middlewares/Third_Party/FatFs/src/ff.o
 .text.sum_sfn  0x08003fc4       0x40 ./Middlewares/Third_Party/FatFs/src/ff.o
 .text.dir_find
                0x08004004      0x198 ./Middlewares/Third_Party/FatFs/src/ff.o
 .text.dir_register
                0x0800419c      0x248 ./Middlewares/Third_Party/FatFs/src/ff.o
 .text.create_name
                0x080043e4      0x37c ./Middlewares/Third_Party/FatFs/src/ff.o
 .text.follow_path
                0x08004760       0xec ./Middlewares/Third_Party/FatFs/src/ff.o
 .text.get_ldnumber
                0x0800484c       0x86 ./Middlewares/Third_Party/FatFs/src/ff.o
 *fill*         0x080048d2        0x2 
 .text.check_fs
                0x080048d4       0xdc ./Middlewares/Third_Party/FatFs/src/ff.o
 .text.find_volume
                0x080049b0      0x664 ./Middlewares/Third_Party/FatFs/src/ff.o
 .text.validate
                0x08005014       0x76 ./Middlewares/Third_Party/FatFs/src/ff.o
 *fill*         0x0800508a        0x2 
 .text.f_mount  0x0800508c       0x94 ./Middlewares/Third_Party/FatFs/src/ff.o
                0x0800508c                f_mount
 .text.f_open   0x08005120      0x628 ./Middlewares/Third_Party/FatFs/src/ff.o
                0x08005120                f_open
 .text.f_write  0x08005748      0x472 ./Middlewares/Third_Party/FatFs/src/ff.o
                0x08005748                f_write
 .text.f_sync   0x08005bba      0x19c ./Middlewares/Third_Party/FatFs/src/ff.o
                0x08005bba                f_sync
 .text.f_close  0x08005d56       0x56 ./Middlewares/Third_Party/FatFs/src/ff.o
                0x08005d56                f_close
 .text.f_lseek  0x08005dac      0x5e2 ./Middlewares/Third_Party/FatFs/src/ff.o
                0x08005dac                f_lseek
 .text.putc_bfd
                0x0800638e       0x7a ./Middlewares/Third_Party/FatFs/src/ff.o
 .text.f_puts   0x08006408       0x72 ./Middlewares/Third_Party/FatFs/src/ff.o
                0x08006408                f_puts
 *fill*         0x0800647a        0x2 
 .text.FATFS_LinkDriverEx
                0x0800647c       0x94 ./Middlewares/Third_Party/FatFs/src/ff_gen_drv.o
                0x0800647c                FATFS_LinkDriverEx
 .text.FATFS_LinkDriver
                0x08006510       0x1e ./Middlewares/Third_Party/FatFs/src/ff_gen_drv.o
                0x08006510                FATFS_LinkDriver
 *fill*         0x0800652e        0x2 
 .text.ff_convert
                0x08006530       0x74 ./Middlewares/Third_Party/FatFs/src/option/ccsbcs.o
                0x08006530                ff_convert
 .text.ff_wtoupper
                0x080065a4       0x5c ./Middlewares/Third_Party/FatFs/src/option/ccsbcs.o
                0x080065a4                ff_wtoupper
 .text.snprintf
                0x08006600       0x68 C:/ST/STM32CubeIDE_1.15.1/STM32CubeIDE/plugins/com.st.stm32cube.ide.mcu.externaltools.gnu-tools-for-stm32.12.3.rel1.win32_1.0.100.202403111256/tools/bin/../lib/gcc/arm-none-eabi/12.3.1/../../../../arm-none-eabi/lib/thumb/v7-m/nofp\libc_nano.a(libc_a-snprintf.o)
                0x08006600                sniprintf
                0x08006600                snprintf
 .text.memset   0x08006668       0x10 C:/ST/STM32CubeIDE_1.15.1/STM32CubeIDE/plugins/com.st.stm32cube.ide.mcu.externaltools.gnu-tools-for-stm32.12.3.rel1.win32_1.0.100.202403111256/tools/bin/../lib/gcc/arm-none-eabi/12.3.1/../../../../arm-none-eabi/lib/thumb/v7-m/nofp\libc_nano.a(libc_a-memset.o)
                0x08006668                memset
 .text.__errno  0x08006678        0xc C:/ST/STM32CubeIDE_1.15.1/STM32CubeIDE/plugins/com.st.stm32cube.ide.mcu.externaltools.gnu-tools-for-stm32.12.3.rel1.win32_1.0.100.202403111256/tools/bin/../lib/gcc/arm-none-eabi/12.3.1/../../../../arm-none-eabi/lib/thumb/v7-m/nofp\libc_nano.a(libc_a-errno.o)
                0x08006678                __errno
 .text.__libc_init_array
                0x08006684       0x48 C:/ST/STM32CubeIDE_1.15.1/STM32CubeIDE/plugins/com.st.stm32cube.ide.mcu.externaltools.gnu-tools-for-stm32.12.3.rel1.win32_1.0.100.202403111256/tools/bin/../lib/gcc/arm-none-eabi/12.3.1/../../../../arm-none-eabi/lib/thumb/v7-m/nofp\libc_nano.a(libc_a-init.o)
                0x08006684                __libc_init_array
 .text.__retarget_lock_acquire_recursive
                0x080066cc        0x2 C:/ST/STM32CubeIDE_1.15.1/STM32CubeIDE/plugins/com.st.stm32cube.ide.mcu.externaltools.gnu-tools-for-stm32.12.3.rel1.win32_1.0.100.202403111256/tools/bin/../lib/gcc/arm-none-eabi/12.3.1/../../../../arm-none-eabi/lib/thumb/v7-m/nofp\libc_nano.a(libc_a-lock.o)
                0x080066cc                __retarget_lock_acquire_recursive
 .text.__retarget_lock_release_recursive
                0x080066ce        0x2 C:/ST/STM32CubeIDE_1.15.1/STM32CubeIDE/plugins/com.st.stm32cube.ide.mcu.externaltools.gnu-tools-for-stm32.12.3.rel1.win32_1.0.100.202403111256/tools/bin/../lib/gcc/arm-none-eabi/12.3.1/../../../../arm-none-eabi/lib/thumb/v7-m/nofp\libc_nano.a(libc_a-lock.o)
                0x080066ce                __retarget_lock_release_recursive
 .text._free_r  0x080066d0       0x90 C:/ST/STM32CubeIDE_1.15.1/STM32CubeIDE/plugins/com.st.stm32cube.ide.mcu.externaltools.gnu-tools-for-stm32.12.3.rel1.win32_1.0.100.202403111256/tools/bin/../lib/gcc/arm-none-eabi/12.3.1/../../../../arm-none-eabi/lib/thumb/v7-m/nofp\libc_nano.a(libc_a-freer.o)
                0x080066d0                _free_r
 .text.sbrk_aligned
                0x08006760       0x44 C:/ST/STM32CubeIDE_1.15.1/STM32CubeIDE/plugins/com.st.stm32cube.ide.mcu.externaltools.gnu-tools-for-stm32.12.3.rel1.win32_1.0.100.202403111256/tools/bin/../lib/gcc/arm-none-eabi/12.3.1/../../../../arm-none-eabi/lib/thumb/v7-m/nofp\libc_nano.a(libc_a-mallocr.o)
 .text._malloc_r
                0x080067a4      0x100 C:/ST/STM32CubeIDE_1.15.1/STM32CubeIDE/plugins/com.st.stm32cube.ide.mcu.externaltools.gnu-tools-for-stm32.12.3.rel1.win32_1.0.100.202403111256/tools/bin/../lib/gcc/arm-none-eabi/12.3.1/../../../../arm-none-eabi/lib/thumb/v7-m/nofp\libc_nano.a(libc_a-mallocr.o)
                0x080067a4                _malloc_r
 .text.__malloc_lock
                0x080068a4        0xc C:/ST/STM32CubeIDE_1.15.1/STM32CubeIDE/plugins/com.st.stm32cube.ide.mcu.externaltools.gnu-tools-for-stm32.12.3.rel1.win32_1.0.100.202403111256/tools/bin/../lib/gcc/arm-none-eabi/12.3.1/../../../../arm-none-eabi/lib/thumb/v7-m/nofp\libc_nano.a(libc_a-mlock.o)
                0x080068a4                __malloc_lock
 .text.__malloc_unlock
                0x080068b0        0xc C:/ST/STM32CubeIDE_1.15.1/STM32CubeIDE/plugins/com.st.stm32cube.ide.mcu.externaltools.gnu-tools-for-stm32.12.3.rel1.win32_1.0.100.202403111256/tools/bin/../lib/gcc/arm-none-eabi/12.3.1/../../../../arm-none-eabi/lib/thumb/v7-m/nofp\libc_nano.a(libc_a-mlock.o)
                0x080068b0                __malloc_unlock
 .text.__ssputs_r
                0x080068bc       0xb6 C:/ST/STM32CubeIDE_1.15.1/STM32CubeIDE/plugins/com.st.stm32cube.ide.mcu.externaltools.gnu-tools-for-stm32.12.3.rel1.win32_1.0.100.202403111256/tools/bin/../lib/gcc/arm-none-eabi/12.3.1/../../../../arm-none-eabi/lib/thumb/v7-m/nofp\libc_nano.a(libc_a-nano-svfprintf.o)
                0x080068bc                __ssputs_r
 *fill*         0x08006972        0x2 
 .text._svfprintf_r
                0x08006974      0x1f8 C:/ST/STM32CubeIDE_1.15.1/STM32CubeIDE/plugins/com.st.stm32cube.ide.mcu.externaltools.gnu-tools-for-stm32.12.3.rel1.win32_1.0.100.202403111256/tools/bin/../lib/gcc/arm-none-eabi/12.3.1/../../../../arm-none-eabi/lib/thumb/v7-m/nofp\libc_nano.a(libc_a-nano-svfprintf.o)
                0x08006974                _svfiprintf_r
                0x08006974                _svfprintf_r
 .text._printf_common
                0x08006b6c       0xe4 C:/ST/STM32CubeIDE_1.15.1/STM32CubeIDE/plugins/com.st.stm32cube.ide.mcu.externaltools.gnu-tools-for-stm32.12.3.rel1.win32_1.0.100.202403111256/tools/bin/../lib/gcc/arm-none-eabi/12.3.1/../../../../arm-none-eabi/lib/thumb/v7-m/nofp\libc_nano.a(libc_a-nano-vfprintf_i.o)
                0x08006b6c                _printf_common
 .text._printf_i
                0x08006c50      0x240 C:/ST/STM32CubeIDE_1.15.1/STM32CubeIDE/plugins/com.st.stm32cube.ide.mcu.externaltools.gnu-tools-for-stm32.12.3.rel1.win32_1.0.100.202403111256/tools/bin/../lib/gcc/arm-none-eabi/12.3.1/../../../../arm-none-eabi/lib/thumb/v7-m/nofp\libc_nano.a(libc_a-nano-vfprintf_i.o)
                0x08006c50                _printf_i
 .text.memmove  0x08006e90       0x34 C:/ST/STM32CubeIDE_1.15.1/STM32CubeIDE/plugins/com.st.stm32cube.ide.mcu.externaltools.gnu-tools-for-stm32.12.3.rel1.win32_1.0.100.202403111256/tools/bin/../lib/gcc/arm-none-eabi/12.3.1/../../../../arm-none-eabi/lib/thumb/v7-m/nofp\libc_nano.a(libc_a-memmove.o)
                0x08006e90                memmove
 .text._sbrk_r  0x08006ec4       0x20 C:/ST/STM32CubeIDE_1.15.1/STM32CubeIDE/plugins/com.st.stm32cube.ide.mcu.externaltools.gnu-tools-for-stm32.12.3.rel1.win32_1.0.100.202403111256/tools/bin/../lib/gcc/arm-none-eabi/12.3.1/../../../../arm-none-eabi/lib/thumb/v7-m/nofp\libc_nano.a(libc_a-sbrkr.o)
                0x08006ec4                _sbrk_r
 .text.memchr   0x08006ee4       0x1c C:/ST/STM32CubeIDE_1.15.1/STM32CubeIDE/plugins/com.st.stm32cube.ide.mcu.externaltools.gnu-tools-for-stm32.12.3.rel1.win32_1.0.100.202403111256/tools/bin/../lib/gcc/arm-none-eabi/12.3.1/../../../../arm-none-eabi/lib/thumb/v7-m/nofp\libc_nano.a(libc_a-memchr-stub.o)
                0x08006ee4                memchr
 .text.memcpy   0x08006f00       0x1c C:/ST/STM32CubeIDE_1.15.1/STM32CubeIDE/plugins/com.st.stm32cube.ide.mcu.externaltools.gnu-tools-for-stm32.12.3.rel1.win32_1.0.100.202403111256/tools/bin/../lib/gcc/arm-none-eabi/12.3.1/../../../../arm-none-eabi/lib/thumb/v7-m/nofp\libc_nano.a(libc_a-memcpy-stub.o)
                0x08006f00                memcpy
 .text._realloc_r
                0x08006f1c       0x5c C:/ST/STM32CubeIDE_1.15.1/STM32CubeIDE/plugins/com.st.stm32cube.ide.mcu.externaltools.gnu-tools-for-stm32.12.3.rel1.win32_1.0.100.202403111256/tools/bin/../lib/gcc/arm-none-eabi/12.3.1/../../../../arm-none-eabi/lib/thumb/v7-m/nofp\libc_nano.a(libc_a-reallocr.o)
                0x08006f1c                _realloc_r
 .text._malloc_usable_size_r
                0x08006f78       0x10 C:/ST/STM32CubeIDE_1.15.1/STM32CubeIDE/plugins/com.st.stm32cube.ide.mcu.externaltools.gnu-tools-for-stm32.12.3.rel1.win32_1.0.100.202403111256/tools/bin/../lib/gcc/arm-none-eabi/12.3.1/../../../../arm-none-eabi/lib/thumb/v7-m/nofp\libc_nano.a(libc_a-msizer.o)
                0x08006f78                _malloc_usable_size_r
 *(.glue_7)
 .glue_7        0x08006f88        0x0 linker stubs
 *(.glue_7t)
 .glue_7t       0x08006f88        0x0 linker stubs
 *(.eh_frame)
 .eh_frame      0x08006f88        0x0 C:/ST/STM32CubeIDE_1.15.1/STM32CubeIDE/plugins/com.st.stm32cube.ide.mcu.externaltools.gnu-tools-for-stm32.12.3.rel1.win32_1.0.100.202403111256/tools/bin/../lib/gcc/arm-none-eabi/12.3.1/thumb/v7-m/nofp/crtbegin.o
 *(.init)
 .init          0x08006f88        0x4 C:/ST/STM32CubeIDE_1.15.1/STM32CubeIDE/plugins/com.st.stm32cube.ide.mcu.externaltools.gnu-tools-for-stm32.12.3.rel1.win32_1.0.100.202403111256/tools/bin/../lib/gcc/arm-none-eabi/12.3.1/thumb/v7-m/nofp/crti.o
                0x08006f88                _init
 .init          0x08006f8c        0x8 C:/ST/STM32CubeIDE_1.15.1/STM32CubeIDE/plugins/com.st.stm32cube.ide.mcu.externaltools.gnu-tools-for-stm32.12.3.rel1.win32_1.0.100.202403111256/tools/bin/../lib/gcc/arm-none-eabi/12.3.1/thumb/v7-m/nofp/crtn.o
 *(.fini)
 .fini          0x08006f94        0x4 C:/ST/STM32CubeIDE_1.15.1/STM32CubeIDE/plugins/com.st.stm32cube.ide.mcu.externaltools.gnu-tools-for-stm32.12.3.rel1.win32_1.0.100.202403111256/tools/bin/../lib/gcc/arm-none-eabi/12.3.1/thumb/v7-m/nofp/crti.o
                0x08006f94                _fini
 .fini          0x08006f98        0x8 C:/ST/STM32CubeIDE_1.15.1/STM32CubeIDE/plugins/com.st.stm32cube.ide.mcu.externaltools.gnu-tools-for-stm32.12.3.rel1.win32_1.0.100.202403111256/tools/bin/../lib/gcc/arm-none-eabi/12.3.1/thumb/v7-m/nofp/crtn.o
                0x08006fa0                        . = ALIGN (0x4)
                0x08006fa0                        _etext = .

.vfp11_veneer   0x08006fa0        0x0
 .vfp11_veneer  0x08006fa0        0x0 linker stubs

.v4_bx          0x08006fa0        0x0
 .v4_bx         0x08006fa0        0x0 linker stubs

.iplt           0x08006fa0        0x0
 .iplt          0x08006fa0        0x0 C:/ST/STM32CubeIDE_1.15.1/STM32CubeIDE/plugins/com.st.stm32cube.ide.mcu.externaltools.gnu-tools-for-stm32.12.3.rel1.win32_1.0.100.202403111256/tools/bin/../lib/gcc/arm-none-eabi/12.3.1/thumb/v7-m/nofp/crtbegin.o

.rodata         0x08006fa0      0x6a0
                0x08006fa0                        . = ALIGN (0x4)
 *(.rodata)
 .rodata        0x08006fa0       0xb0 ./Core/Src/main.o
 .rodata        0x08007050       0x48 ./Middlewares/Third_Party/FatFs/src/ff.o
 *(.rodata*)
 .rodata.AHBPrescTable
                0x08007098       0x10 ./Core/Src/system_stm32f1xx.o
                0x08007098                AHBPrescTable
 .rodata.aPLLMULFactorTable.1
                0x080070a8       0x10 ./Drivers/STM32F1xx_HAL_Driver/Src/stm32f1xx_hal_rcc.o
 .rodata.aPredivFactorTable.0
                0x080070b8        0x2 ./Drivers/STM32F1xx_HAL_Driver/Src/stm32f1xx_hal_rcc.o
 *fill*         0x080070ba        0x2 
 .rodata.ExCvt  0x080070bc       0x80 ./Middlewares/Third_Party/FatFs/src/ff.o
 .rodata.LfnOfs
                0x0800713c        0xd ./Middlewares/Third_Party/FatFs/src/ff.o
 *fill*         0x08007149        0x3 
 .rodata.Tbl    0x0800714c      0x100 ./Middlewares/Third_Party/FatFs/src/option/ccsbcs.o
 .rodata.tbl_lower.1
                0x0800724c      0x1e0 ./Middlewares/Third_Party/FatFs/src/option/ccsbcs.o
 .rodata.tbl_upper.0
                0x0800742c      0x1e0 ./Middlewares/Third_Party/FatFs/src/option/ccsbcs.o
 .rodata._svfprintf_r.str1.1
                0x0800760c       0x11 C:/ST/STM32CubeIDE_1.15.1/STM32CubeIDE/plugins/com.st.stm32cube.ide.mcu.externaltools.gnu-tools-for-stm32.12.3.rel1.win32_1.0.100.202403111256/tools/bin/../lib/gcc/arm-none-eabi/12.3.1/../../../../arm-none-eabi/lib/thumb/v7-m/nofp\libc_nano.a(libc_a-nano-svfprintf.o)
 .rodata._printf_i.str1.1
                0x0800761d       0x22 C:/ST/STM32CubeIDE_1.15.1/STM32CubeIDE/plugins/com.st.stm32cube.ide.mcu.externaltools.gnu-tools-for-stm32.12.3.rel1.win32_1.0.100.202403111256/tools/bin/../lib/gcc/arm-none-eabi/12.3.1/../../../../arm-none-eabi/lib/thumb/v7-m/nofp\libc_nano.a(libc_a-nano-vfprintf_i.o)
                0x08007640                        . = ALIGN (0x4)
 *fill*         0x0800763f        0x1 

.ARM.extab      0x08007640        0x0
                0x08007640                        . = ALIGN (0x4)
 *(.ARM.extab* .gnu.linkonce.armextab.*)
                0x08007640                        . = ALIGN (0x4)

.ARM            0x08007640        0x0
                0x08007640                        . = ALIGN (0x4)
                0x08007640                        __exidx_start = .
 *(.ARM.exidx*)
                0x08007640                        __exidx_end = .
                0x08007640                        . = ALIGN (0x4)

.preinit_array  0x08007640        0x0
                0x08007640                        . = ALIGN (0x4)
                0x08007640                        PROVIDE (__preinit_array_start = .)
 *(.preinit_array*)
                0x08007640                        PROVIDE (__preinit_array_end = .)
                0x08007640                        . = ALIGN (0x4)

.init_array     0x08007640        0x4
                0x08007640                        . = ALIGN (0x4)
                0x08007640                        PROVIDE (__init_array_start = .)
 *(SORT_BY_NAME(.init_array.*))
 *(.init_array*)
 .init_array    0x08007640        0x4 C:/ST/STM32CubeIDE_1.15.1/STM32CubeIDE/plugins/com.st.stm32cube.ide.mcu.externaltools.gnu-tools-for-stm32.12.3.rel1.win32_1.0.100.202403111256/tools/bin/../lib/gcc/arm-none-eabi/12.3.1/thumb/v7-m/nofp/crtbegin.o
                0x08007644                        PROVIDE (__init_array_end = .)
                0x08007644                        . = ALIGN (0x4)

.fini_array     0x08007644        0x4
                0x08007644                        . = ALIGN (0x4)
                [!provide]                        PROVIDE (__fini_array_start = .)
 *(SORT_BY_NAME(.fini_array.*))
 *(.fini_array*)
 .fini_array    0x08007644        0x4 C:/ST/STM32CubeIDE_1.15.1/STM32CubeIDE/plugins/com.st.stm32cube.ide.mcu.externaltools.gnu-tools-for-stm32.12.3.rel1.win32_1.0.100.202403111256/tools/bin/../lib/gcc/arm-none-eabi/12.3.1/thumb/v7-m/nofp/crtbegin.o
                [!provide]                        PROVIDE (__fini_array_end = .)
                0x08007648                        . = ALIGN (0x4)
                0x08007648                        _sidata = LOADADDR (.data)

.rel.dyn        0x08007648        0x0
 .rel.iplt      0x08007648        0x0 C:/ST/STM32CubeIDE_1.15.1/STM32CubeIDE/plugins/com.st.stm32cube.ide.mcu.externaltools.gnu-tools-for-stm32.12.3.rel1.win32_1.0.100.202403111256/tools/bin/../lib/gcc/arm-none-eabi/12.3.1/thumb/v7-m/nofp/crtbegin.o

.data           0x20000000       0x74 load address 0x08007648
                0x20000000                        . = ALIGN (0x4)
                0x20000000                        _sdata = .
 *(.data)
 *(.data*)
 .data.Stat     0x20000000        0x1 ./Core/Src/fatfs_sd.o
 *fill*         0x20000001        0x3 
 .data.SystemCoreClock
                0x20000004        0x4 ./Core/Src/system_stm32f1xx.o
                0x20000004                SystemCoreClock
 .data.uwTickPrio
                0x20000008        0x4 ./Drivers/STM32F1xx_HAL_Driver/Src/stm32f1xx_hal.o
                0x20000008                uwTickPrio
 .data.uwTickFreq
                0x2000000c        0x1 ./Drivers/STM32F1xx_HAL_Driver/Src/stm32f1xx_hal.o
                0x2000000c                uwTickFreq
 *fill*         0x2000000d        0x3 
 .data.USER_Driver
                0x20000010       0x14 ./FATFS/Target/user_diskio.o
                0x20000010                USER_Driver
 .data._impure_ptr
                0x20000024        0x4 C:/ST/STM32CubeIDE_1.15.1/STM32CubeIDE/plugins/com.st.stm32cube.ide.mcu.externaltools.gnu-tools-for-stm32.12.3.rel1.win32_1.0.100.202403111256/tools/bin/../lib/gcc/arm-none-eabi/12.3.1/../../../../arm-none-eabi/lib/thumb/v7-m/nofp\libc_nano.a(libc_a-impure.o)
                0x20000024                _impure_ptr
 .data._impure_data
                0x20000028       0x4c C:/ST/STM32CubeIDE_1.15.1/STM32CubeIDE/plugins/com.st.stm32cube.ide.mcu.externaltools.gnu-tools-for-stm32.12.3.rel1.win32_1.0.100.202403111256/tools/bin/../lib/gcc/arm-none-eabi/12.3.1/../../../../arm-none-eabi/lib/thumb/v7-m/nofp\libc_nano.a(libc_a-impure.o)
                0x20000028                _impure_data
 *(.RamFunc)
 *(.RamFunc*)
                0x20000074                        . = ALIGN (0x4)
                0x20000074                        _edata = .

.igot.plt       0x20000074        0x0 load address 0x080076bc
 .igot.plt      0x20000074        0x0 C:/ST/STM32CubeIDE_1.15.1/STM32CubeIDE/plugins/com.st.stm32cube.ide.mcu.externaltools.gnu-tools-for-stm32.12.3.rel1.win32_1.0.100.202403111256/tools/bin/../lib/gcc/arm-none-eabi/12.3.1/thumb/v7-m/nofp/crtbegin.o
                0x20000074                        . = ALIGN (0x4)

.bss            0x20000074     0x1430 load address 0x080076bc
                0x20000074                        _sbss = .
                0x20000074                        __bss_start__ = _sbss
 *(.bss)
 .bss           0x20000074       0x1c C:/ST/STM32CubeIDE_1.15.1/STM32CubeIDE/plugins/com.st.stm32cube.ide.mcu.externaltools.gnu-tools-for-stm32.12.3.rel1.win32_1.0.100.202403111256/tools/bin/../lib/gcc/arm-none-eabi/12.3.1/thumb/v7-m/nofp/crtbegin.o
 *(.bss*)
 .bss.Timer1    0x20000090        0x2 ./Core/Src/fatfs_sd.o
                0x20000090                Timer1
 .bss.Timer2    0x20000092        0x2 ./Core/Src/fatfs_sd.o
                0x20000092                Timer2
 .bss.CardType  0x20000094        0x1 ./Core/Src/fatfs_sd.o
 .bss.PowerFlag
                0x20000095        0x1 ./Core/Src/fatfs_sd.o
 *fill*         0x20000096        0x2 
 .bss.fs        0x20000098     0x1030 ./Core/Src/main.o
                0x20000098                fs
 .bss.hspi1     0x200010c8       0x58 ./Core/Src/main.o
                0x200010c8                hspi1
 .bss.__sbrk_heap_end
                0x20001120        0x4 ./Core/Src/sysmem.o
 .bss.uwTick    0x20001124        0x4 ./Drivers/STM32F1xx_HAL_Driver/Src/stm32f1xx_hal.o
                0x20001124                uwTick
 .bss.retUSER   0x20001128        0x1 ./FATFS/App/fatfs.o
                0x20001128                retUSER
 *fill*         0x20001129        0x3 
 .bss.USERPath  0x2000112c        0x4 ./FATFS/App/fatfs.o
                0x2000112c                USERPath
 .bss.FatFs     0x20001130        0x4 ./Middlewares/Third_Party/FatFs/src/ff.o
 .bss.Fsid      0x20001134        0x2 ./Middlewares/Third_Party/FatFs/src/ff.o
 *fill*         0x20001136        0x2 
 .bss.Files     0x20001138       0x18 ./Middlewares/Third_Party/FatFs/src/ff.o
 .bss.LfnBuf    0x20001150      0x200 ./Middlewares/Third_Party/FatFs/src/ff.o
 .bss.disk      0x20001350        0xc ./Middlewares/Third_Party/FatFs/src/ff_gen_drv.o
                0x20001350                disk
 .bss.__sf      0x2000135c      0x138 C:/ST/STM32CubeIDE_1.15.1/STM32CubeIDE/plugins/com.st.stm32cube.ide.mcu.externaltools.gnu-tools-for-stm32.12.3.rel1.win32_1.0.100.202403111256/tools/bin/../lib/gcc/arm-none-eabi/12.3.1/../../../../arm-none-eabi/lib/thumb/v7-m/nofp\libc_nano.a(libc_a-findfp.o)
                0x2000135c                __sf
 .bss.errno     0x20001494        0x4 C:/ST/STM32CubeIDE_1.15.1/STM32CubeIDE/plugins/com.st.stm32cube.ide.mcu.externaltools.gnu-tools-for-stm32.12.3.rel1.win32_1.0.100.202403111256/tools/bin/../lib/gcc/arm-none-eabi/12.3.1/../../../../arm-none-eabi/lib/thumb/v7-m/nofp\libc_nano.a(libc_a-reent.o)
                0x20001494                errno
 .bss.__lock___malloc_recursive_mutex
                0x20001498        0x1 C:/ST/STM32CubeIDE_1.15.1/STM32CubeIDE/plugins/com.st.stm32cube.ide.mcu.externaltools.gnu-tools-for-stm32.12.3.rel1.win32_1.0.100.202403111256/tools/bin/../lib/gcc/arm-none-eabi/12.3.1/../../../../arm-none-eabi/lib/thumb/v7-m/nofp\libc_nano.a(libc_a-lock.o)
                0x20001498                __lock___malloc_recursive_mutex
 *fill*         0x20001499        0x3 
 .bss.__malloc_sbrk_start
                0x2000149c        0x4 C:/ST/STM32CubeIDE_1.15.1/STM32CubeIDE/plugins/com.st.stm32cube.ide.mcu.externaltools.gnu-tools-for-stm32.12.3.rel1.win32_1.0.100.202403111256/tools/bin/../lib/gcc/arm-none-eabi/12.3.1/../../../../arm-none-eabi/lib/thumb/v7-m/nofp\libc_nano.a(libc_a-mallocr.o)
                0x2000149c                __malloc_sbrk_start
 .bss.__malloc_free_list
                0x200014a0        0x4 C:/ST/STM32CubeIDE_1.15.1/STM32CubeIDE/plugins/com.st.stm32cube.ide.mcu.externaltools.gnu-tools-for-stm32.12.3.rel1.win32_1.0.100.202403111256/tools/bin/../lib/gcc/arm-none-eabi/12.3.1/../../../../arm-none-eabi/lib/thumb/v7-m/nofp\libc_nano.a(libc_a-mallocr.o)
                0x200014a0                __malloc_free_list
 *(COMMON)
                0x200014a4                        . = ALIGN (0x4)
                0x200014a4                        _ebss = .
                0x200014a4                        __bss_end__ = _ebss

._user_heap_stack
                0x200014a4      0x604 load address 0x080076bc
                0x200014a8                        . = ALIGN (0x8)
 *fill*         0x200014a4        0x4 
                [!provide]                        PROVIDE (end = .)
                0x200014a8                        PROVIDE (_end = .)
                0x200016a8                        . = (. + _Min_Heap_Size)
 *fill*         0x200014a8      0x200 
                0x20001aa8                        . = (. + _Min_Stack_Size)
 *fill*         0x200016a8      0x400 
                0x20001aa8                        . = ALIGN (0x8)

/DISCARD/
 libc.a(*)
 libm.a(*)
 libgcc.a(*)

.ARM.attributes
                0x00000000       0x29
 *(.ARM.attributes)
 .ARM.attributes
                0x00000000       0x1d C:/ST/STM32CubeIDE_1.15.1/STM32CubeIDE/plugins/com.st.stm32cube.ide.mcu.externaltools.gnu-tools-for-stm32.12.3.rel1.win32_1.0.100.202403111256/tools/bin/../lib/gcc/arm-none-eabi/12.3.1/thumb/v7-m/nofp/crti.o
 .ARM.attributes
                0x0000001d       0x2d C:/ST/STM32CubeIDE_1.15.1/STM32CubeIDE/plugins/com.st.stm32cube.ide.mcu.externaltools.gnu-tools-for-stm32.12.3.rel1.win32_1.0.100.202403111256/tools/bin/../lib/gcc/arm-none-eabi/12.3.1/thumb/v7-m/nofp/crtbegin.o
 .ARM.attributes
                0x0000004a       0x2d ./Core/Src/fatfs_sd.o
 .ARM.attributes
                0x00000077       0x2d ./Core/Src/main.o
 .ARM.attributes
                0x000000a4       0x2d ./Core/Src/stm32f1xx_hal_msp.o
 .ARM.attributes
                0x000000d1       0x2d ./Core/Src/stm32f1xx_it.o
 .ARM.attributes
                0x000000fe       0x2d ./Core/Src/sysmem.o
 .ARM.attributes
                0x0000012b       0x2d ./Core/Src/system_stm32f1xx.o
 .ARM.attributes
                0x00000158       0x21 ./Core/Startup/startup_stm32f103c8tx.o
 .ARM.attributes
                0x00000179       0x2d ./Drivers/STM32F1xx_HAL_Driver/Src/stm32f1xx_hal.o
 .ARM.attributes
                0x000001a6       0x2d ./Drivers/STM32F1xx_HAL_Driver/Src/stm32f1xx_hal_cortex.o
 .ARM.attributes
                0x000001d3       0x2d ./Drivers/STM32F1xx_HAL_Driver/Src/stm32f1xx_hal_gpio.o
 .ARM.attributes
                0x00000200       0x2d ./Drivers/STM32F1xx_HAL_Driver/Src/stm32f1xx_hal_rcc.o
 .ARM.attributes
                0x0000022d       0x2d ./Drivers/STM32F1xx_HAL_Driver/Src/stm32f1xx_hal_spi.o
 .ARM.attributes
                0x0000025a       0x2d ./FATFS/App/fatfs.o
 .ARM.attributes
                0x00000287       0x2d ./FATFS/Target/user_diskio.o
 .ARM.attributes
                0x000002b4       0x2d ./Middlewares/Third_Party/FatFs/src/diskio.o
 .ARM.attributes
                0x000002e1       0x2d ./Middlewares/Third_Party/FatFs/src/ff.o
 .ARM.attributes
                0x0000030e       0x2d ./Middlewares/Third_Party/FatFs/src/ff_gen_drv.o
 .ARM.attributes
                0x0000033b       0x2d ./Middlewares/Third_Party/FatFs/src/option/ccsbcs.o
 .ARM.attributes
                0x00000368       0x2d C:/ST/STM32CubeIDE_1.15.1/STM32CubeIDE/plugins/com.st.stm32cube.ide.mcu.externaltools.gnu-tools-for-stm32.12.3.rel1.win32_1.0.100.202403111256/tools/bin/../lib/gcc/arm-none-eabi/12.3.1/../../../../arm-none-eabi/lib/thumb/v7-m/nofp\libc_nano.a(libc_a-findfp.o)
 .ARM.attributes
                0x00000395       0x2d C:/ST/STM32CubeIDE_1.15.1/STM32CubeIDE/plugins/com.st.stm32cube.ide.mcu.externaltools.gnu-tools-for-stm32.12.3.rel1.win32_1.0.100.202403111256/tools/bin/../lib/gcc/arm-none-eabi/12.3.1/../../../../arm-none-eabi/lib/thumb/v7-m/nofp\libc_nano.a(libc_a-snprintf.o)
 .ARM.attributes
                0x000003c2       0x2d C:/ST/STM32CubeIDE_1.15.1/STM32CubeIDE/plugins/com.st.stm32cube.ide.mcu.externaltools.gnu-tools-for-stm32.12.3.rel1.win32_1.0.100.202403111256/tools/bin/../lib/gcc/arm-none-eabi/12.3.1/../../../../arm-none-eabi/lib/thumb/v7-m/nofp\libc_nano.a(libc_a-memset.o)
 .ARM.attributes
                0x000003ef       0x2d C:/ST/STM32CubeIDE_1.15.1/STM32CubeIDE/plugins/com.st.stm32cube.ide.mcu.externaltools.gnu-tools-for-stm32.12.3.rel1.win32_1.0.100.202403111256/tools/bin/../lib/gcc/arm-none-eabi/12.3.1/../../../../arm-none-eabi/lib/thumb/v7-m/nofp\libc_nano.a(libc_a-reent.o)
 .ARM.attributes
                0x0000041c       0x2d C:/ST/STM32CubeIDE_1.15.1/STM32CubeIDE/plugins/com.st.stm32cube.ide.mcu.externaltools.gnu-tools-for-stm32.12.3.rel1.win32_1.0.100.202403111256/tools/bin/../lib/gcc/arm-none-eabi/12.3.1/../../../../arm-none-eabi/lib/thumb/v7-m/nofp\libc_nano.a(libc_a-impure.o)
 .ARM.attributes
                0x00000449       0x2d C:/ST/STM32CubeIDE_1.15.1/STM32CubeIDE/plugins/com.st.stm32cube.ide.mcu.externaltools.gnu-tools-for-stm32.12.3.rel1.win32_1.0.100.202403111256/tools/bin/../lib/gcc/arm-none-eabi/12.3.1/../../../../arm-none-eabi/lib/thumb/v7-m/nofp\libc_nano.a(libc_a-errno.o)
 .ARM.attributes
                0x00000476       0x2d C:/ST/STM32CubeIDE_1.15.1/STM32CubeIDE/plugins/com.st.stm32cube.ide.mcu.externaltools.gnu-tools-for-stm32.12.3.rel1.win32_1.0.100.202403111256/tools/bin/../lib/gcc/arm-none-eabi/12.3.1/../../../../arm-none-eabi/lib/thumb/v7-m/nofp\libc_nano.a(libc_a-init.o)
 .ARM.attributes
                0x000004a3       0x2d C:/ST/STM32CubeIDE_1.15.1/STM32CubeIDE/plugins/com.st.stm32cube.ide.mcu.externaltools.gnu-tools-for-stm32.12.3.rel1.win32_1.0.100.202403111256/tools/bin/../lib/gcc/arm-none-eabi/12.3.1/../../../../arm-none-eabi/lib/thumb/v7-m/nofp\libc_nano.a(libc_a-lock.o)
 .ARM.attributes
                0x000004d0       0x2d C:/ST/STM32CubeIDE_1.15.1/STM32CubeIDE/plugins/com.st.stm32cube.ide.mcu.externaltools.gnu-tools-for-stm32.12.3.rel1.win32_1.0.100.202403111256/tools/bin/../lib/gcc/arm-none-eabi/12.3.1/../../../../arm-none-eabi/lib/thumb/v7-m/nofp\libc_nano.a(libc_a-freer.o)
 .ARM.attributes
                0x000004fd       0x2d C:/ST/STM32CubeIDE_1.15.1/STM32CubeIDE/plugins/com.st.stm32cube.ide.mcu.externaltools.gnu-tools-for-stm32.12.3.rel1.win32_1.0.100.202403111256/tools/bin/../lib/gcc/arm-none-eabi/12.3.1/../../../../arm-none-eabi/lib/thumb/v7-m/nofp\libc_nano.a(libc_a-mallocr.o)
 .ARM.attributes
                0x0000052a       0x2d C:/ST/STM32CubeIDE_1.15.1/STM32CubeIDE/plugins/com.st.stm32cube.ide.mcu.externaltools.gnu-tools-for-stm32.12.3.rel1.win32_1.0.100.202403111256/tools/bin/../lib/gcc/arm-none-eabi/12.3.1/../../../../arm-none-eabi/lib/thumb/v7-m/nofp\libc_nano.a(libc_a-mlock.o)
 .ARM.attributes
                0x00000557       0x2d C:/ST/STM32CubeIDE_1.15.1/STM32CubeIDE/plugins/com.st.stm32cube.ide.mcu.externaltools.gnu-tools-for-stm32.12.3.rel1.win32_1.0.100.202403111256/tools/bin/../lib/gcc/arm-none-eabi/12.3.1/../../../../arm-none-eabi/lib/thumb/v7-m/nofp\libc_nano.a(libc_a-nano-svfprintf.o)
 .ARM.attributes
                0x00000584       0x2d C:/ST/STM32CubeIDE_1.15.1/STM32CubeIDE/plugins/com.st.stm32cube.ide.mcu.externaltools.gnu-tools-for-stm32.12.3.rel1.win32_1.0.100.202403111256/tools/bin/../lib/gcc/arm-none-eabi/12.3.1/../../../../arm-none-eabi/lib/thumb/v7-m/nofp\libc_nano.a(libc_a-nano-vfprintf_i.o)
 .ARM.attributes
                0x000005b1       0x2d C:/ST/STM32CubeIDE_1.15.1/STM32CubeIDE/plugins/com.st.stm32cube.ide.mcu.externaltools.gnu-tools-for-stm32.12.3.rel1.win32_1.0.100.202403111256/tools/bin/../lib/gcc/arm-none-eabi/12.3.1/../../../../arm-none-eabi/lib/thumb/v7-m/nofp\libc_nano.a(libc_a-memmove.o)
 .ARM.attributes
                0x000005de       0x2d C:/ST/STM32CubeIDE_1.15.1/STM32CubeIDE/plugins/com.st.stm32cube.ide.mcu.externaltools.gnu-tools-for-stm32.12.3.rel1.win32_1.0.100.202403111256/tools/bin/../lib/gcc/arm-none-eabi/12.3.1/../../../../arm-none-eabi/lib/thumb/v7-m/nofp\libc_nano.a(libc_a-sbrkr.o)
 .ARM.attributes
                0x0000060b       0x2d C:/ST/STM32CubeIDE_1.15.1/STM32CubeIDE/plugins/com.st.stm32cube.ide.mcu.externaltools.gnu-tools-for-stm32.12.3.rel1.win32_1.0.100.202403111256/tools/bin/../lib/gcc/arm-none-eabi/12.3.1/../../../../arm-none-eabi/lib/thumb/v7-m/nofp\libc_nano.a(libc_a-memchr-stub.o)
 .ARM.attributes
                0x00000638       0x2d C:/ST/STM32CubeIDE_1.15.1/STM32CubeIDE/plugins/com.st.stm32cube.ide.mcu.externaltools.gnu-tools-for-stm32.12.3.rel1.win32_1.0.100.202403111256/tools/bin/../lib/gcc/arm-none-eabi/12.3.1/../../../../arm-none-eabi/lib/thumb/v7-m/nofp\libc_nano.a(libc_a-memcpy-stub.o)
 .ARM.attributes
                0x00000665       0x2d C:/ST/STM32CubeIDE_1.15.1/STM32CubeIDE/plugins/com.st.stm32cube.ide.mcu.externaltools.gnu-tools-for-stm32.12.3.rel1.win32_1.0.100.202403111256/tools/bin/../lib/gcc/arm-none-eabi/12.3.1/../../../../arm-none-eabi/lib/thumb/v7-m/nofp\libc_nano.a(libc_a-reallocr.o)
 .ARM.attributes
                0x00000692       0x2d C:/ST/STM32CubeIDE_1.15.1/STM32CubeIDE/plugins/com.st.stm32cube.ide.mcu.externaltools.gnu-tools-for-stm32.12.3.rel1.win32_1.0.100.202403111256/tools/bin/../lib/gcc/arm-none-eabi/12.3.1/../../../../arm-none-eabi/lib/thumb/v7-m/nofp\libc_nano.a(libc_a-msizer.o)
 .ARM.attributes
                0x000006bf       0x1d C:/ST/STM32CubeIDE_1.15.1/STM32CubeIDE/plugins/com.st.stm32cube.ide.mcu.externaltools.gnu-tools-for-stm32.12.3.rel1.win32_1.0.100.202403111256/tools/bin/../lib/gcc/arm-none-eabi/12.3.1/thumb/v7-m/nofp/crtn.o
OUTPUT(Sd_manager_V4.elf elf32-littlearm)
LOAD linker stubs
LOAD C:/ST/STM32CubeIDE_1.15.1/STM32CubeIDE/plugins/com.st.stm32cube.ide.mcu.externaltools.gnu-tools-for-stm32.12.3.rel1.win32_1.0.100.202403111256/tools/bin/../lib/gcc/arm-none-eabi/12.3.1/../../../../arm-none-eabi/lib/thumb/v7-m/nofp\libc.a
LOAD C:/ST/STM32CubeIDE_1.15.1/STM32CubeIDE/plugins/com.st.stm32cube.ide.mcu.externaltools.gnu-tools-for-stm32.12.3.rel1.win32_1.0.100.202403111256/tools/bin/../lib/gcc/arm-none-eabi/12.3.1/../../../../arm-none-eabi/lib/thumb/v7-m/nofp\libm.a
LOAD C:/ST/STM32CubeIDE_1.15.1/STM32CubeIDE/plugins/com.st.stm32cube.ide.mcu.externaltools.gnu-tools-for-stm32.12.3.rel1.win32_1.0.100.202403111256/tools/bin/../lib/gcc/arm-none-eabi/12.3.1/thumb/v7-m/nofp\libgcc.a

.debug_info     0x00000000     0x9159
 .debug_info    0x00000000      0xbb2 ./Core/Src/fatfs_sd.o
 .debug_info    0x00000bb2      0xe65 ./Core/Src/main.o
 .debug_info    0x00001a17      0x815 ./Core/Src/stm32f1xx_hal_msp.o
 .debug_info    0x0000222c      0x13f ./Core/Src/stm32f1xx_it.o
 .debug_info    0x0000236b      0x168 ./Core/Src/sysmem.o
 .debug_info    0x000024d3      0x222 ./Core/Src/system_stm32f1xx.o
 .debug_info    0x000026f5       0x30 ./Core/Startup/startup_stm32f103c8tx.o
 .debug_info    0x00002725      0x704 ./Drivers/STM32F1xx_HAL_Driver/Src/stm32f1xx_hal.o
 .debug_info    0x00002e29      0xa87 ./Drivers/STM32F1xx_HAL_Driver/Src/stm32f1xx_hal_cortex.o
 .debug_info    0x000038b0      0x5ab ./Drivers/STM32F1xx_HAL_Driver/Src/stm32f1xx_hal_gpio.o
 .debug_info    0x00003e5b      0x7d5 ./Drivers/STM32F1xx_HAL_Driver/Src/stm32f1xx_hal_rcc.o
 .debug_info    0x00004630     0x1503 ./Drivers/STM32F1xx_HAL_Driver/Src/stm32f1xx_hal_spi.o
 .debug_info    0x00005b33      0x4dd ./FATFS/App/fatfs.o
 .debug_info    0x00006010      0x3a5 ./FATFS/Target/user_diskio.o
 .debug_info    0x000063b5      0x3da ./Middlewares/Third_Party/FatFs/src/diskio.o
 .debug_info    0x0000678f     0x24dd ./Middlewares/Third_Party/FatFs/src/ff.o
 .debug_info    0x00008c6c      0x37a ./Middlewares/Third_Party/FatFs/src/ff_gen_drv.o
 .debug_info    0x00008fe6      0x173 ./Middlewares/Third_Party/FatFs/src/option/ccsbcs.o

.debug_abbrev   0x00000000     0x208d
 .debug_abbrev  0x00000000      0x302 ./Core/Src/fatfs_sd.o
 .debug_abbrev  0x00000302      0x357 ./Core/Src/main.o
 .debug_abbrev  0x00000659      0x1a5 ./Core/Src/stm32f1xx_hal_msp.o
 .debug_abbrev  0x000007fe       0x97 ./Core/Src/stm32f1xx_it.o
 .debug_abbrev  0x00000895       0xbc ./Core/Src/sysmem.o
 .debug_abbrev  0x00000951      0x13f ./Core/Src/system_stm32f1xx.o
 .debug_abbrev  0x00000a90       0x24 ./Core/Startup/startup_stm32f103c8tx.o
 .debug_abbrev  0x00000ab4      0x201 ./Drivers/STM32F1xx_HAL_Driver/Src/stm32f1xx_hal.o
 .debug_abbrev  0x00000cb5      0x2f8 ./Drivers/STM32F1xx_HAL_Driver/Src/stm32f1xx_hal_cortex.o
 .debug_abbrev  0x00000fad      0x1ca ./Drivers/STM32F1xx_HAL_Driver/Src/stm32f1xx_hal_gpio.o
 .debug_abbrev  0x00001177      0x2b3 ./Drivers/STM32F1xx_HAL_Driver/Src/stm32f1xx_hal_rcc.o
 .debug_abbrev  0x0000142a      0x284 ./Drivers/STM32F1xx_HAL_Driver/Src/stm32f1xx_hal_spi.o
 .debug_abbrev  0x000016ae      0x1a8 ./FATFS/App/fatfs.o
 .debug_abbrev  0x00001856      0x15c ./FATFS/Target/user_diskio.o
 .debug_abbrev  0x000019b2      0x181 ./Middlewares/Third_Party/FatFs/src/diskio.o
 .debug_abbrev  0x00001b33      0x2e6 ./Middlewares/Third_Party/FatFs/src/ff.o
 .debug_abbrev  0x00001e19      0x19f ./Middlewares/Third_Party/FatFs/src/ff_gen_drv.o
 .debug_abbrev  0x00001fb8       0xd5 ./Middlewares/Third_Party/FatFs/src/option/ccsbcs.o

.debug_aranges  0x00000000      0x9b0
 .debug_aranges
                0x00000000       0xa8 ./Core/Src/fatfs_sd.o
 .debug_aranges
                0x000000a8       0x48 ./Core/Src/main.o
 .debug_aranges
                0x000000f0       0x30 ./Core/Src/stm32f1xx_hal_msp.o
 .debug_aranges
                0x00000120       0x60 ./Core/Src/stm32f1xx_it.o
 .debug_aranges
                0x00000180       0x20 ./Core/Src/sysmem.o
 .debug_aranges
                0x000001a0       0x28 ./Core/Src/system_stm32f1xx.o
 .debug_aranges
                0x000001c8       0x28 ./Core/Startup/startup_stm32f103c8tx.o
 .debug_aranges
                0x000001f0       0xe0 ./Drivers/STM32F1xx_HAL_Driver/Src/stm32f1xx_hal.o
 .debug_aranges
                0x000002d0      0x100 ./Drivers/STM32F1xx_HAL_Driver/Src/stm32f1xx_hal_cortex.o
 .debug_aranges
                0x000003d0       0x58 ./Drivers/STM32F1xx_HAL_Driver/Src/stm32f1xx_hal_gpio.o
 .debug_aranges
                0x00000428       0x90 ./Drivers/STM32F1xx_HAL_Driver/Src/stm32f1xx_hal_rcc.o
 .debug_aranges
                0x000004b8      0x1d0 ./Drivers/STM32F1xx_HAL_Driver/Src/stm32f1xx_hal_spi.o
 .debug_aranges
                0x00000688       0x28 ./FATFS/App/fatfs.o
 .debug_aranges
                0x000006b0       0x40 ./FATFS/Target/user_diskio.o
 .debug_aranges
                0x000006f0       0x48 ./Middlewares/Third_Party/FatFs/src/diskio.o
 .debug_aranges
                0x00000738      0x210 ./Middlewares/Third_Party/FatFs/src/ff.o
 .debug_aranges
                0x00000948       0x40 ./Middlewares/Third_Party/FatFs/src/ff_gen_drv.o
 .debug_aranges
                0x00000988       0x28 ./Middlewares/Third_Party/FatFs/src/option/ccsbcs.o

.debug_rnglists
                0x00000000      0x742
 .debug_rnglists
                0x00000000       0x80 ./Core/Src/fatfs_sd.o
 .debug_rnglists
                0x00000080       0x34 ./Core/Src/main.o
 .debug_rnglists
                0x000000b4       0x20 ./Core/Src/stm32f1xx_hal_msp.o
 .debug_rnglists
                0x000000d4       0x43 ./Core/Src/stm32f1xx_it.o
 .debug_rnglists
                0x00000117       0x13 ./Core/Src/sysmem.o
 .debug_rnglists
                0x0000012a       0x1a ./Core/Src/system_stm32f1xx.o
 .debug_rnglists
                0x00000144       0x19 ./Core/Startup/startup_stm32f103c8tx.o
 .debug_rnglists
                0x0000015d       0xa3 ./Drivers/STM32F1xx_HAL_Driver/Src/stm32f1xx_hal.o
 .debug_rnglists
                0x00000200       0xbb ./Drivers/STM32F1xx_HAL_Driver/Src/stm32f1xx_hal_cortex.o
 .debug_rnglists
                0x000002bb       0x3f ./Drivers/STM32F1xx_HAL_Driver/Src/stm32f1xx_hal_gpio.o
 .debug_rnglists
                0x000002fa       0x6c ./Drivers/STM32F1xx_HAL_Driver/Src/stm32f1xx_hal_rcc.o
 .debug_rnglists
                0x00000366      0x16e ./Drivers/STM32F1xx_HAL_Driver/Src/stm32f1xx_hal_spi.o
 .debug_rnglists
                0x000004d4       0x19 ./FATFS/App/fatfs.o
 .debug_rnglists
                0x000004ed       0x2b ./FATFS/Target/user_diskio.o
 .debug_rnglists
                0x00000518       0x31 ./Middlewares/Third_Party/FatFs/src/diskio.o
 .debug_rnglists
                0x00000549      0x1b4 ./Middlewares/Third_Party/FatFs/src/ff.o
 .debug_rnglists
                0x000006fd       0x2c ./Middlewares/Third_Party/FatFs/src/ff_gen_drv.o
 .debug_rnglists
                0x00000729       0x19 ./Middlewares/Third_Party/FatFs/src/option/ccsbcs.o

.debug_macro    0x00000000    0x17fe7
 .debug_macro   0x00000000      0x1c1 ./Core/Src/fatfs_sd.o
 .debug_macro   0x000001c1      0xaa8 ./Core/Src/fatfs_sd.o
 .debug_macro   0x00000c69      0x215 ./Core/Src/fatfs_sd.o
 .debug_macro   0x00000e7e       0x2e ./Core/Src/fatfs_sd.o
 .debug_macro   0x00000eac       0x22 ./Core/Src/fatfs_sd.o
 .debug_macro   0x00000ece       0x22 ./Core/Src/fatfs_sd.o
 .debug_macro   0x00000ef0       0x8e ./Core/Src/fatfs_sd.o
 .debug_macro   0x00000f7e       0x51 ./Core/Src/fatfs_sd.o
 .debug_macro   0x00000fcf      0x103 ./Core/Src/fatfs_sd.o
 .debug_macro   0x000010d2       0x6a ./Core/Src/fatfs_sd.o
 .debug_macro   0x0000113c      0x1df ./Core/Src/fatfs_sd.o
 .debug_macro   0x0000131b       0x1c ./Core/Src/fatfs_sd.o
 .debug_macro   0x00001337       0x22 ./Core/Src/fatfs_sd.o
 .debug_macro   0x00001359       0xbd ./Core/Src/fatfs_sd.o
 .debug_macro   0x00001416      0xd23 ./Core/Src/fatfs_sd.o
 .debug_macro   0x00002139     0xe09e ./Core/Src/fatfs_sd.o
 .debug_macro   0x000101d7       0x6d ./Core/Src/fatfs_sd.o
 .debug_macro   0x00010244     0x348d ./Core/Src/fatfs_sd.o
 .debug_macro   0x000136d1      0x189 ./Core/Src/fatfs_sd.o
 .debug_macro   0x0001385a       0x5c ./Core/Src/fatfs_sd.o
 .debug_macro   0x000138b6      0x5bc ./Core/Src/fatfs_sd.o
 .debug_macro   0x00013e72      0x289 ./Core/Src/fatfs_sd.o
 .debug_macro   0x000140fb      0x1cb ./Core/Src/fatfs_sd.o
 .debug_macro   0x000142c6      0x114 ./Core/Src/fatfs_sd.o
 .debug_macro   0x000143da      0x1b2 ./Core/Src/fatfs_sd.o
 .debug_macro   0x0001458c       0x27 ./Core/Src/fatfs_sd.o
 .debug_macro   0x000145b3      0x136 ./Core/Src/fatfs_sd.o
 .debug_macro   0x000146e9      0x1bc ./Core/Src/fatfs_sd.o
 .debug_macro   0x000148a5       0x34 ./Core/Src/fatfs_sd.o
 .debug_macro   0x000148d9       0x3c ./Core/Src/fatfs_sd.o
 .debug_macro   0x00014915       0x57 ./Core/Src/fatfs_sd.o
 .debug_macro   0x0001496c       0x87 ./Core/Src/fatfs_sd.o
 .debug_macro   0x000149f3      0x240 ./Core/Src/fatfs_sd.o
 .debug_macro   0x00014c33      0x140 ./Core/Src/fatfs_sd.o
 .debug_macro   0x00014d73      0x217 ./Core/Src/fatfs_sd.o
 .debug_macro   0x00014f8a       0x83 ./Core/Src/fatfs_sd.o
 .debug_macro   0x0001500d       0x16 ./Core/Src/fatfs_sd.o
 .debug_macro   0x00015023       0x7c ./Core/Src/fatfs_sd.o
 .debug_macro   0x0001509f       0x9a ./Core/Src/fatfs_sd.o
 .debug_macro   0x00015139      0x2bd ./Core/Src/main.o
 .debug_macro   0x000153f6       0xde ./Core/Src/main.o
 .debug_macro   0x000154d4       0xf5 ./Core/Src/main.o
 .debug_macro   0x000155c9       0x8e ./Core/Src/main.o
 .debug_macro   0x00015657       0x61 ./Core/Src/main.o
 .debug_macro   0x000156b8       0x24 ./Core/Src/main.o
 .debug_macro   0x000156dc       0x43 ./Core/Src/main.o
 .debug_macro   0x0001571f       0x34 ./Core/Src/main.o
 .debug_macro   0x00015753       0x16 ./Core/Src/main.o
 .debug_macro   0x00015769       0x35 ./Core/Src/main.o
 .debug_macro   0x0001579e      0x369 ./Core/Src/main.o
 .debug_macro   0x00015b07       0x10 ./Core/Src/main.o
 .debug_macro   0x00015b17       0x16 ./Core/Src/main.o
 .debug_macro   0x00015b2d       0x43 ./Core/Src/main.o
 .debug_macro   0x00015b70       0x34 ./Core/Src/main.o
 .debug_macro   0x00015ba4       0x10 ./Core/Src/main.o
 .debug_macro   0x00015bb4       0x58 ./Core/Src/main.o
 .debug_macro   0x00015c0c       0x8e ./Core/Src/main.o
 .debug_macro   0x00015c9a       0x1c ./Core/Src/main.o
 .debug_macro   0x00015cb6      0x177 ./Core/Src/main.o
 .debug_macro   0x00015e2d       0x16 ./Core/Src/main.o
 .debug_macro   0x00015e43       0x16 ./Core/Src/main.o
 .debug_macro   0x00015e59      0x146 ./Core/Src/main.o
 .debug_macro   0x00015f9f      0x198 ./Core/Src/stm32f1xx_hal_msp.o
 .debug_macro   0x00016137      0x1a2 ./Core/Src/stm32f1xx_it.o
 .debug_macro   0x000162d9       0xff ./Core/Src/sysmem.o
 .debug_macro   0x000163d8      0x23c ./Core/Src/sysmem.o
 .debug_macro   0x00016614      0x18e ./Core/Src/system_stm32f1xx.o
 .debug_macro   0x000167a2      0x1b2 ./Drivers/STM32F1xx_HAL_Driver/Src/stm32f1xx_hal.o
 .debug_macro   0x00016954      0x18e ./Drivers/STM32F1xx_HAL_Driver/Src/stm32f1xx_hal_cortex.o
 .debug_macro   0x00016ae2      0x1f9 ./Drivers/STM32F1xx_HAL_Driver/Src/stm32f1xx_hal_gpio.o
 .debug_macro   0x00016cdb      0x1a0 ./Drivers/STM32F1xx_HAL_Driver/Src/stm32f1xx_hal_rcc.o
 .debug_macro   0x00016e7b      0x196 ./Drivers/STM32F1xx_HAL_Driver/Src/stm32f1xx_hal_spi.o
 .debug_macro   0x00017011      0x1eb ./FATFS/App/fatfs.o
 .debug_macro   0x000171fc       0xd8 ./FATFS/App/fatfs.o
 .debug_macro   0x000172d4      0x2a0 ./FATFS/Target/user_diskio.o
 .debug_macro   0x00017574       0x10 ./FATFS/Target/user_diskio.o
 .debug_macro   0x00017584       0x20 ./FATFS/Target/user_diskio.o
 .debug_macro   0x000175a4       0x56 ./FATFS/Target/user_diskio.o
 .debug_macro   0x000175fa      0x1d8 ./Middlewares/Third_Party/FatFs/src/diskio.o
 .debug_macro   0x000177d2      0x41f ./Middlewares/Third_Party/FatFs/src/ff.o
 .debug_macro   0x00017bf1       0x58 ./Middlewares/Third_Party/FatFs/src/ff.o
 .debug_macro   0x00017c49      0x1d8 ./Middlewares/Third_Party/FatFs/src/ff_gen_drv.o
 .debug_macro   0x00017e21      0x1c6 ./Middlewares/Third_Party/FatFs/src/option/ccsbcs.o

.debug_line     0x00000000     0xdcb1
 .debug_line    0x00000000      0xde5 ./Core/Src/fatfs_sd.o
 .debug_line    0x00000de5      0xa05 ./Core/Src/main.o
 .debug_line    0x000017ea      0x726 ./Core/Src/stm32f1xx_hal_msp.o
 .debug_line    0x00001f10      0x7a7 ./Core/Src/stm32f1xx_it.o
 .debug_line    0x000026b7      0x583 ./Core/Src/sysmem.o
 .debug_line    0x00002c3a      0x751 ./Core/Src/system_stm32f1xx.o
 .debug_line    0x0000338b       0x78 ./Core/Startup/startup_stm32f103c8tx.o
 .debug_line    0x00003403      0x97e ./Drivers/STM32F1xx_HAL_Driver/Src/stm32f1xx_hal.o
 .debug_line    0x00003d81      0xb6a ./Drivers/STM32F1xx_HAL_Driver/Src/stm32f1xx_hal_cortex.o
 .debug_line    0x000048eb      0xa17 ./Drivers/STM32F1xx_HAL_Driver/Src/stm32f1xx_hal_gpio.o
 .debug_line    0x00005302      0xd87 ./Drivers/STM32F1xx_HAL_Driver/Src/stm32f1xx_hal_rcc.o
 .debug_line    0x00006089     0x1c30 ./Drivers/STM32F1xx_HAL_Driver/Src/stm32f1xx_hal_spi.o
 .debug_line    0x00007cb9      0x76e ./FATFS/App/fatfs.o
 .debug_line    0x00008427      0x8f5 ./FATFS/Target/user_diskio.o
 .debug_line    0x00008d1c      0x7df ./Middlewares/Third_Party/FatFs/src/diskio.o
 .debug_line    0x000094fb     0x37da ./Middlewares/Third_Party/FatFs/src/ff.o
 .debug_line    0x0000ccd5      0x7fc ./Middlewares/Third_Party/FatFs/src/ff_gen_drv.o
 .debug_line    0x0000d4d1      0x7e0 ./Middlewares/Third_Party/FatFs/src/option/ccsbcs.o

.debug_str      0x00000000    0x83025
 .debug_str     0x00000000    0x7c5f2 ./Core/Src/fatfs_sd.o
                              0x7c9b1 (size before relaxing)
 .debug_str     0x0007c5f2     0x4164 ./Core/Src/main.o
                              0x807e9 (size before relaxing)
 .debug_str     0x00080756       0x91 ./Core/Src/stm32f1xx_hal_msp.o
                              0x7c55e (size before relaxing)
 .debug_str     0x000807e7       0xc9 ./Core/Src/stm32f1xx_it.o
                              0x7c13a (size before relaxing)
 .debug_str     0x000808b0      0x4dc ./Core/Src/sysmem.o
                               0x607a (size before relaxing)
 .debug_str     0x00080d8c       0x7e ./Core/Src/system_stm32f1xx.o
                              0x7c12e (size before relaxing)
 .debug_str     0x00080e0a       0x44 ./Core/Startup/startup_stm32f103c8tx.o
                                 0x85 (size before relaxing)
 .debug_str     0x00080e4e      0x5fd ./Drivers/STM32F1xx_HAL_Driver/Src/stm32f1xx_hal.o
                              0x7c861 (size before relaxing)
 .debug_str     0x0008144b      0x2bb ./Drivers/STM32F1xx_HAL_Driver/Src/stm32f1xx_hal_cortex.o
                              0x7c7ad (size before relaxing)
 .debug_str     0x00081706      0x2d3 ./Drivers/STM32F1xx_HAL_Driver/Src/stm32f1xx_hal_gpio.o
                              0x7c4b4 (size before relaxing)
 .debug_str     0x000819d9      0x229 ./Drivers/STM32F1xx_HAL_Driver/Src/stm32f1xx_hal_rcc.o
                              0x7c55d (size before relaxing)
 .debug_str     0x00081c02      0x543 ./Drivers/STM32F1xx_HAL_Driver/Src/stm32f1xx_hal_spi.o
                              0x7ca5a (size before relaxing)
 .debug_str     0x00082145       0x74 ./FATFS/App/fatfs.o
                              0x7c9c1 (size before relaxing)
 .debug_str     0x000821b9       0xd3 ./FATFS/Target/user_diskio.o
                              0x7fa69 (size before relaxing)
 .debug_str     0x0008228c       0x52 ./Middlewares/Third_Party/FatFs/src/diskio.o
                              0x7c8e7 (size before relaxing)
 .debug_str     0x000822de      0xc63 ./Middlewares/Third_Party/FatFs/src/ff.o
                              0x7d7a5 (size before relaxing)
 .debug_str     0x00082f41       0x91 ./Middlewares/Third_Party/FatFs/src/ff_gen_drv.o
                              0x7c938 (size before relaxing)
 .debug_str     0x00082fd2       0x53 ./Middlewares/Third_Party/FatFs/src/option/ccsbcs.o
                              0x7c6c6 (size before relaxing)

.comment        0x00000000       0x43
 .comment       0x00000000       0x43 ./Core/Src/fatfs_sd.o
                                 0x44 (size before relaxing)
 .comment       0x00000043       0x44 ./Core/Src/main.o
 .comment       0x00000043       0x44 ./Core/Src/stm32f1xx_hal_msp.o
 .comment       0x00000043       0x44 ./Core/Src/stm32f1xx_it.o
 .comment       0x00000043       0x44 ./Core/Src/sysmem.o
 .comment       0x00000043       0x44 ./Core/Src/system_stm32f1xx.o
 .comment       0x00000043       0x44 ./Drivers/STM32F1xx_HAL_Driver/Src/stm32f1xx_hal.o
 .comment       0x00000043       0x44 ./Drivers/STM32F1xx_HAL_Driver/Src/stm32f1xx_hal_cortex.o
 .comment       0x00000043       0x44 ./Drivers/STM32F1xx_HAL_Driver/Src/stm32f1xx_hal_gpio.o
 .comment       0x00000043       0x44 ./Drivers/STM32F1xx_HAL_Driver/Src/stm32f1xx_hal_rcc.o
 .comment       0x00000043       0x44 ./Drivers/STM32F1xx_HAL_Driver/Src/stm32f1xx_hal_spi.o
 .comment       0x00000043       0x44 ./FATFS/App/fatfs.o
 .comment       0x00000043       0x44 ./FATFS/Target/user_diskio.o
 .comment       0x00000043       0x44 ./Middlewares/Third_Party/FatFs/src/diskio.o
 .comment       0x00000043       0x44 ./Middlewares/Third_Party/FatFs/src/ff.o
 .comment       0x00000043       0x44 ./Middlewares/Third_Party/FatFs/src/ff_gen_drv.o
 .comment       0x00000043       0x44 ./Middlewares/Third_Party/FatFs/src/option/ccsbcs.o

.debug_frame    0x00000000     0x2ae4
 .debug_frame   0x00000000      0x28c ./Core/Src/fatfs_sd.o
 .debug_frame   0x0000028c       0xd8 ./Core/Src/main.o
 .debug_frame   0x00000364       0x80 ./Core/Src/stm32f1xx_hal_msp.o
 .debug_frame   0x000003e4      0x104 ./Core/Src/stm32f1xx_it.o
 .debug_frame   0x000004e8       0x34 ./Core/Src/sysmem.o
 .debug_frame   0x0000051c       0x58 ./Core/Src/system_stm32f1xx.o
 .debug_frame   0x00000574      0x334 ./Drivers/STM32F1xx_HAL_Driver/Src/stm32f1xx_hal.o
 .debug_frame   0x000008a8      0x428 ./Drivers/STM32F1xx_HAL_Driver/Src/stm32f1xx_hal_cortex.o
 .debug_frame   0x00000cd0      0x14c ./Drivers/STM32F1xx_HAL_Driver/Src/stm32f1xx_hal_gpio.o
 .debug_frame   0x00000e1c      0x218 ./Drivers/STM32F1xx_HAL_Driver/Src/stm32f1xx_hal_rcc.o
 .debug_frame   0x00001034      0x824 ./Drivers/STM32F1xx_HAL_Driver/Src/stm32f1xx_hal_spi.o
 .debug_frame   0x00001858       0x4c ./FATFS/App/fatfs.o
 .debug_frame   0x000018a4       0xc4 ./FATFS/Target/user_diskio.o
 .debug_frame   0x00001968       0xec ./Middlewares/Third_Party/FatFs/src/diskio.o
 .debug_frame   0x00001a54      0x9ac ./Middlewares/Third_Party/FatFs/src/ff.o
 .debug_frame   0x00002400       0xc8 ./Middlewares/Third_Party/FatFs/src/ff_gen_drv.o
 .debug_frame   0x000024c8       0x60 ./Middlewares/Third_Party/FatFs/src/option/ccsbcs.o
 .debug_frame   0x00002528      0x144 C:/ST/STM32CubeIDE_1.15.1/STM32CubeIDE/plugins/com.st.stm32cube.ide.mcu.externaltools.gnu-tools-for-stm32.12.3.rel1.win32_1.0.100.202403111256/tools/bin/../lib/gcc/arm-none-eabi/12.3.1/../../../../arm-none-eabi/lib/thumb/v7-m/nofp\libc_nano.a(libc_a-findfp.o)
 .debug_frame   0x0000266c       0x7c C:/ST/STM32CubeIDE_1.15.1/STM32CubeIDE/plugins/com.st.stm32cube.ide.mcu.externaltools.gnu-tools-for-stm32.12.3.rel1.win32_1.0.100.202403111256/tools/bin/../lib/gcc/arm-none-eabi/12.3.1/../../../../arm-none-eabi/lib/thumb/v7-m/nofp\libc_nano.a(libc_a-snprintf.o)
 .debug_frame   0x000026e8       0x20 C:/ST/STM32CubeIDE_1.15.1/STM32CubeIDE/plugins/com.st.stm32cube.ide.mcu.externaltools.gnu-tools-for-stm32.12.3.rel1.win32_1.0.100.202403111256/tools/bin/../lib/gcc/arm-none-eabi/12.3.1/../../../../arm-none-eabi/lib/thumb/v7-m/nofp\libc_nano.a(libc_a-memset.o)
 .debug_frame   0x00002708       0x38 C:/ST/STM32CubeIDE_1.15.1/STM32CubeIDE/plugins/com.st.stm32cube.ide.mcu.externaltools.gnu-tools-for-stm32.12.3.rel1.win32_1.0.100.202403111256/tools/bin/../lib/gcc/arm-none-eabi/12.3.1/../../../../arm-none-eabi/lib/thumb/v7-m/nofp\libc_nano.a(libc_a-reent.o)
 .debug_frame   0x00002740       0x20 C:/ST/STM32CubeIDE_1.15.1/STM32CubeIDE/plugins/com.st.stm32cube.ide.mcu.externaltools.gnu-tools-for-stm32.12.3.rel1.win32_1.0.100.202403111256/tools/bin/../lib/gcc/arm-none-eabi/12.3.1/../../../../arm-none-eabi/lib/thumb/v7-m/nofp\libc_nano.a(libc_a-errno.o)
 .debug_frame   0x00002760       0x2c C:/ST/STM32CubeIDE_1.15.1/STM32CubeIDE/plugins/com.st.stm32cube.ide.mcu.externaltools.gnu-tools-for-stm32.12.3.rel1.win32_1.0.100.202403111256/tools/bin/../lib/gcc/arm-none-eabi/12.3.1/../../../../arm-none-eabi/lib/thumb/v7-m/nofp\libc_nano.a(libc_a-init.o)
 .debug_frame   0x0000278c       0xb0 C:/ST/STM32CubeIDE_1.15.1/STM32CubeIDE/plugins/com.st.stm32cube.ide.mcu.externaltools.gnu-tools-for-stm32.12.3.rel1.win32_1.0.100.202403111256/tools/bin/../lib/gcc/arm-none-eabi/12.3.1/../../../../arm-none-eabi/lib/thumb/v7-m/nofp\libc_nano.a(libc_a-lock.o)
 .debug_frame   0x0000283c       0x38 C:/ST/STM32CubeIDE_1.15.1/STM32CubeIDE/plugins/com.st.stm32cube.ide.mcu.externaltools.gnu-tools-for-stm32.12.3.rel1.win32_1.0.100.202403111256/tools/bin/../lib/gcc/arm-none-eabi/12.3.1/../../../../arm-none-eabi/lib/thumb/v7-m/nofp\libc_nano.a(libc_a-freer.o)
 .debug_frame   0x00002874       0x50 C:/ST/STM32CubeIDE_1.15.1/STM32CubeIDE/plugins/com.st.stm32cube.ide.mcu.externaltools.gnu-tools-for-stm32.12.3.rel1.win32_1.0.100.202403111256/tools/bin/../lib/gcc/arm-none-eabi/12.3.1/../../../../arm-none-eabi/lib/thumb/v7-m/nofp\libc_nano.a(libc_a-mallocr.o)
 .debug_frame   0x000028c4       0x30 C:/ST/STM32CubeIDE_1.15.1/STM32CubeIDE/plugins/com.st.stm32cube.ide.mcu.externaltools.gnu-tools-for-stm32.12.3.rel1.win32_1.0.100.202403111256/tools/bin/../lib/gcc/arm-none-eabi/12.3.1/../../../../arm-none-eabi/lib/thumb/v7-m/nofp\libc_nano.a(libc_a-mlock.o)
 .debug_frame   0x000028f4       0x90 C:/ST/STM32CubeIDE_1.15.1/STM32CubeIDE/plugins/com.st.stm32cube.ide.mcu.externaltools.gnu-tools-for-stm32.12.3.rel1.win32_1.0.100.202403111256/tools/bin/../lib/gcc/arm-none-eabi/12.3.1/../../../../arm-none-eabi/lib/thumb/v7-m/nofp\libc_nano.a(libc_a-nano-svfprintf.o)
 .debug_frame   0x00002984       0x60 C:/ST/STM32CubeIDE_1.15.1/STM32CubeIDE/plugins/com.st.stm32cube.ide.mcu.externaltools.gnu-tools-for-stm32.12.3.rel1.win32_1.0.100.202403111256/tools/bin/../lib/gcc/arm-none-eabi/12.3.1/../../../../arm-none-eabi/lib/thumb/v7-m/nofp\libc_nano.a(libc_a-nano-vfprintf_i.o)
 .debug_frame   0x000029e4       0x28 C:/ST/STM32CubeIDE_1.15.1/STM32CubeIDE/plugins/com.st.stm32cube.ide.mcu.externaltools.gnu-tools-for-stm32.12.3.rel1.win32_1.0.100.202403111256/tools/bin/../lib/gcc/arm-none-eabi/12.3.1/../../../../arm-none-eabi/lib/thumb/v7-m/nofp\libc_nano.a(libc_a-memmove.o)
 .debug_frame   0x00002a0c       0x2c C:/ST/STM32CubeIDE_1.15.1/STM32CubeIDE/plugins/com.st.stm32cube.ide.mcu.externaltools.gnu-tools-for-stm32.12.3.rel1.win32_1.0.100.202403111256/tools/bin/../lib/gcc/arm-none-eabi/12.3.1/../../../../arm-none-eabi/lib/thumb/v7-m/nofp\libc_nano.a(libc_a-sbrkr.o)
 .debug_frame   0x00002a38       0x28 C:/ST/STM32CubeIDE_1.15.1/STM32CubeIDE/plugins/com.st.stm32cube.ide.mcu.externaltools.gnu-tools-for-stm32.12.3.rel1.win32_1.0.100.202403111256/tools/bin/../lib/gcc/arm-none-eabi/12.3.1/../../../../arm-none-eabi/lib/thumb/v7-m/nofp\libc_nano.a(libc_a-memchr-stub.o)
 .debug_frame   0x00002a60       0x28 C:/ST/STM32CubeIDE_1.15.1/STM32CubeIDE/plugins/com.st.stm32cube.ide.mcu.externaltools.gnu-tools-for-stm32.12.3.rel1.win32_1.0.100.202403111256/tools/bin/../lib/gcc/arm-none-eabi/12.3.1/../../../../arm-none-eabi/lib/thumb/v7-m/nofp\libc_nano.a(libc_a-memcpy-stub.o)
 .debug_frame   0x00002a88       0x3c C:/ST/STM32CubeIDE_1.15.1/STM32CubeIDE/plugins/com.st.stm32cube.ide.mcu.externaltools.gnu-tools-for-stm32.12.3.rel1.win32_1.0.100.202403111256/tools/bin/../lib/gcc/arm-none-eabi/12.3.1/../../../../arm-none-eabi/lib/thumb/v7-m/nofp\libc_nano.a(libc_a-reallocr.o)
 .debug_frame   0x00002ac4       0x20 C:/ST/STM32CubeIDE_1.15.1/STM32CubeIDE/plugins/com.st.stm32cube.ide.mcu.externaltools.gnu-tools-for-stm32.12.3.rel1.win32_1.0.100.202403111256/tools/bin/../lib/gcc/arm-none-eabi/12.3.1/../../../../arm-none-eabi/lib/thumb/v7-m/nofp\libc_nano.a(libc_a-msizer.o)

.debug_line_str
                0x00000000       0x69
 .debug_line_str
                0x00000000       0x69 ./Core/Startup/startup_stm32f103c8tx.o
